nohup: ignoring input
NVIDIA RTX PRO 4500 Blackwell | kernels OK True

=== fila: scratch -> results/pretrained_ablation_resplit_hybrid_scratch.csv (00:43:27) ===

=== esol | hybrid | seed 2025 ===
    [esol seed 2025] repartitioned: train=902 valid=113 test=113
  rmse=0.8502 mae=0.6153 r2=0.8228 (17s, best epoch 33, 7,726,090/7,726,090 trainable)

=== esol | hybrid | seed 2026 ===
    [esol seed 2026] repartitioned: train=902 valid=113 test=113
  rmse=0.7038 mae=0.5234 r2=0.8934 (19s, best epoch 42, 7,726,090/7,726,090 trainable)

=== esol | hybrid | seed 2027 ===
    [esol seed 2027] repartitioned: train=902 valid=113 test=113
  rmse=0.7700 mae=0.5757 r2=0.8416 (17s, best epoch 34, 7,726,090/7,726,090 trainable)

=== freesolv | hybrid | seed 2025 ===
    [freesolv seed 2025] repartitioned: train=513 valid=64 test=65
  rmse=1.3064 mae=0.9821 r2=0.8391 (7s, best epoch 19, 7,725,578/7,725,578 trainable)

=== freesolv | hybrid | seed 2026 ===
    [freesolv seed 2026] repartitioned: train=513 valid=64 test=65
  rmse=1.2684 mae=0.9332 r2=0.8922 (8s, best epoch 30, 7,725,578/7,725,578 trainable)

=== freesolv | hybrid | seed 2027 ===
    [freesolv seed 2027] repartitioned: train=513 valid=64 test=65
  rmse=1.3497 mae=0.9936 r2=0.8462 (8s, best epoch 29, 7,725,578/7,725,578 trainable)

=== lipo | hybrid | seed 2025 ===
    [lipo seed 2025] repartitioned: train=3360 valid=420 test=420
  rmse=0.8350 mae=0.6389 r2=0.5340 (73s, best epoch 37, 7,726,602/7,726,602 trainable)

=== lipo | hybrid | seed 2026 ===
    [lipo seed 2026] repartitioned: train=3360 valid=420 test=420
  rmse=0.8426 mae=0.6589 r2=0.5162 (53s, best epoch 18, 7,726,602/7,726,602 trainable)

=== lipo | hybrid | seed 2027 ===
    [lipo seed 2027] repartitioned: train=3360 valid=420 test=420
  rmse=0.8689 mae=0.6713 r2=0.4728 (77s, best epoch 40, 7,726,602/7,726,602 trainable)

WARNING: pretrained_ablation_resplit_hybrid_scratch.csv now mixes rows measured over different pools. Those are different benchmarks:
    hybrid         pool   642  3 rows
    hybrid         pool  1128  3 rows
    hybrid         pool  4200  3 rows
  summarize_results.py splits them; rows written before n_pool existed carry no such information and cannot be separated after the fact.

==============================================================================
RMSE, mean +/- std over seeds (lower is better)
==============================================================================
config                          esol            freesolv                lipo
----------------------------------------------------------------------------
hybrid                  0.775 +/-0.073        1.308 +/-0.041        0.849 +/-0.018

Wrote results/pretrained_ablation_resplit_hybrid_scratch.csv

=== fila: init -> results/pretrained_ablation_resplit_hybrid_init.csv (00:48:09) ===

=== esol | hybrid | seed 2025 ===
    [esol seed 2025] repartitioned: train=902 valid=113 test=113
  initialized from checkpoints/pretrain_moses/hybrid_graph_smiles_s2025.pt (step 40000), head reset
  rmse=0.6565 mae=0.4779 r2=0.8944 (12s, best epoch 14, 7,724,554/7,724,554 trainable)

=== esol | hybrid | seed 2026 ===
    [esol seed 2026] repartitioned: train=902 valid=113 test=113
  initialized from checkpoints/pretrain_moses/hybrid_graph_smiles_s2025.pt (step 40000), head reset
  rmse=0.6326 mae=0.4785 r2=0.9139 (14s, best epoch 23, 7,724,554/7,724,554 trainable)

=== esol | hybrid | seed 2027 ===
    [esol seed 2027] repartitioned: train=902 valid=113 test=113
  initialized from checkpoints/pretrain_moses/hybrid_graph_smiles_s2025.pt (step 40000), head reset
  rmse=0.6316 mae=0.4827 r2=0.8934 (13s, best epoch 18, 7,724,554/7,724,554 trainable)

=== freesolv | hybrid | seed 2025 ===
    [freesolv seed 2025] repartitioned: train=513 valid=64 test=65
  initialized from checkpoints/pretrain_moses/hybrid_graph_smiles_s2025.pt (step 40000), head reset
  rmse=0.8866 mae=0.5136 r2=0.9259 (9s, best epoch 31, 7,724,554/7,724,554 trainable)

=== freesolv | hybrid | seed 2026 ===
    [freesolv seed 2026] repartitioned: train=513 valid=64 test=65
  initialized from checkpoints/pretrain_moses/hybrid_graph_smiles_s2025.pt (step 40000), head reset
  rmse=1.0633 mae=0.6214 r2=0.9242 (9s, best epoch 30, 7,724,554/7,724,554 trainable)

=== freesolv | hybrid | seed 2027 ===
    [freesolv seed 2027] repartitioned: train=513 valid=64 test=65
  initialized from checkpoints/pretrain_moses/hybrid_graph_smiles_s2025.pt (step 40000), head reset
  rmse=0.7574 mae=0.5068 r2=0.9516 (13s, best epoch 62, 7,724,554/7,724,554 trainable)

=== lipo | hybrid | seed 2025 ===
    [lipo seed 2025] repartitioned: train=3360 valid=420 test=420
  initialized from checkpoints/pretrain_moses/hybrid_graph_smiles_s2025.pt (step 40000), head reset
  rmse=0.6640 mae=0.5006 r2=0.7053 (60s, best epoch 24, 7,724,554/7,724,554 trainable)

=== lipo | hybrid | seed 2026 ===
    [lipo seed 2026] repartitioned: train=3360 valid=420 test=420
  initialized from checkpoints/pretrain_moses/hybrid_graph_smiles_s2025.pt (step 40000), head reset
  rmse=0.6962 mae=0.5459 r2=0.6697 (46s, best epoch 11, 7,724,554/7,724,554 trainable)

=== lipo | hybrid | seed 2027 ===
    [lipo seed 2027] repartitioned: train=3360 valid=420 test=420
  initialized from checkpoints/pretrain_moses/hybrid_graph_smiles_s2025.pt (step 40000), head reset
  rmse=0.6643 mae=0.5097 r2=0.6918 (63s, best epoch 27, 7,724,554/7,724,554 trainable)

WARNING: pretrained_ablation_resplit_hybrid_init.csv now mixes rows measured over different pools. Those are different benchmarks:
    hybrid         pool   642  3 rows
    hybrid         pool  1128  3 rows
    hybrid         pool  4200  3 rows
  summarize_results.py splits them; rows written before n_pool existed carry no such information and cannot be separated after the fact.

==============================================================================
RMSE, mean +/- std over seeds (lower is better)
==============================================================================
config                          esol            freesolv                lipo
----------------------------------------------------------------------------
hybrid                  0.640 +/-0.014        0.902 +/-0.154        0.675 +/-0.018

Wrote results/pretrained_ablation_resplit_hybrid_init.csv

=== done (00:52:09) ===

==============================================================================
1. Mitad predictiva -- ESOL / FreeSolv / Lipophilicity
==============================================================================

  esol / hybrid / 1128
    fila                               RMSE       MAE       R2   n
    desde cero               0.7747 +/- 0.0733   0.5715   0.8526   3
    preentrenado (MOSES)     0.6402 +/- 0.0141   0.4797   0.9006   3
      -> 3/3 semillas favorecen a preentrenado (MOSES) (signo consistente, p=0.125 bajo la nula)
      -> preentrenado (MOSES) mejor por 0.1344 RMSE, 2.2x la dispersion pareada por semilla (0.0614)

  freesolv / hybrid / 642
    fila                               RMSE       MAE       R2   n
    desde cero               1.3082 +/- 0.0407   0.9696   0.8591   3
    preentrenado (MOSES)     0.9025 +/- 0.1536   0.5473   0.9339   3
      -> 3/3 semillas favorecen a preentrenado (MOSES) (signo consistente, p=0.125 bajo la nula)
      -> preentrenado (MOSES) mejor por 0.4057 RMSE, 2.1x la dispersion pareada por semilla (0.1940)

  lipo / hybrid / 4200
    fila                               RMSE       MAE       R2   n
    desde cero               0.8488 +/- 0.0178   0.6564   0.5077   3
    preentrenado (MOSES)     0.6748 +/- 0.0185   0.5187   0.6889   3
      -> 3/3 semillas favorecen a preentrenado (MOSES) (signo consistente, p=0.125 bajo la nula)
      -> preentrenado (MOSES) mejor por 0.1740 RMSE, 6.0x la dispersion pareada por semilla (0.0292)

  RMSE menor es mejor. La desviacion es sobre semillas. Con 3 semillas esto es
  una comprobacion de cordura, no una prueba estadistica: sirve para descartar
  diferencias que no existen, no para afirmar las que si.

==============================================================================
2. Generacion, entrenamiento -- NO responde la pregunta de la tesis
==============================================================================

    corrida                                     params    pasos  val loss  tok acc   min
    pairs_graph-only_scratch_s2025          10,135,588   60,000    0.1047   0.9588    16
    pairs_graph_smiles_pretrained_s2025     14,113,319   60,000    0.1249   0.9510    31
    pairs_graph_smiles_scratch_s2025        14,113,319   60,000    0.0953   0.9628    31
    pairs_smiles-only_scratch_s2025         10,893,857   60,000    0.0981   0.9616    26

  Esto mide reconstruccion de SELFIES. Como los pares tienen Tanimoto >= 0.50,
  un modelo que copie la semilla puntua bien sin haber aprendido a condicionar.
  Sirve para ver que el entrenamiento convergio, no para comparar brazos.

  La columna de parametros si es comparable: los brazos de una sola modalidad
  deberian quedar cerca entre si. Si graph-only tiene ~450k y smiles-only ~3.9M,
  el checkpoint es anterior al equiparado de capacidad y la ablacion no es valida.

==============================================================================
3. Generacion, oraculo -- ESTA es la pregunta de la tesis
==============================================================================

    brazo                             w     rho   pend.  valid  unico  novel  copia  tanim    nulo     sd
    pairs_graph-only_scratch_s2025  1.0  +0.786  +0.866  1.000  0.935  0.857  0.039  0.522  -0.145  0.754
                                    3.0  +0.851  +1.114  1.000  0.959  0.877  0.035  0.482  -0.153  0.755
    pairs_graph_smiles_pretrained_  1.0  +0.778  +0.893  1.000  0.958  0.885  0.025  0.463  -0.222  0.783
                                    3.0  +0.806  +1.158  1.000  0.951  0.904  0.014  0.435  -0.222  0.734
    pairs_graph_smiles_scratch_s20  1.0  +0.811  +0.900  1.000  0.930  0.854  0.040  0.520  -0.263  0.763
                                    3.0  +0.856  +1.145  1.000  0.950  0.874  0.038  0.490  -0.181  0.761
    pairs_smiles-only_scratch_s202  1.0  +0.812  +0.885  1.000  0.933  0.845  0.044  0.525  -0.156  0.668
                                    3.0  +0.871  +1.131  1.000  0.950  0.876  0.034  0.481  -0.168  0.638

  rho   correlacion entre el bin pedido y el delta obtenido, intra-semilla.
        Es el numero. Un modelo que ignora la condicion da ~0 aunque su
        perdida de la seccion 2 sea la mejor de las cuatro.
  pend. delta obtenido por unidad de delta pedido; 1.0 seria obediencia exacta.
  copia fraccion que devuelve la semilla sin cambios. rho alto con copia alta
        no existe, pero copia alta con rho ~0 es el modo de fallo esperado.

  Si rho no sube al subir w, la guia libre de clasificador no esta haciendo
  nada, que es el diagnostico gratis que esa perilla compra.

  nulo  el mismo brazo, mismas semillas, condicion puesta al bin nulo. Es la
        referencia honesta: si su delta medio y su dispersion se parecen a los
        de los bins pedidos, la condicion no esta haciendo el trabajo y rho
        viene de otra parte. Debe rondar cero con dispersion ancha.

==============================================================================
Estado
==============================================================================
  [x] mitad predictiva
  [x] generacion (entrenamiento)
  [x] generacion (oraculo)
