nohup: ignoring input
NVIDIA RTX PRO 4500 Blackwell | kernels OK True

=== fila: scratch -> results/pretrained_ablation_resplit_hybrid_scratch.csv (03:05:52) ===

=== esol | hybrid | seed 2025 ===
    [esol seed 2025] repartitioned: train=902 valid=113 test=113
  rmse=0.7837 mae=0.5744 r2=0.8495 (16s, best epoch 30, 7,726,090/7,726,090 trainable)

=== esol | hybrid | seed 2026 ===
    [esol seed 2026] repartitioned: train=902 valid=113 test=113
  rmse=0.7015 mae=0.5242 r2=0.8941 (19s, best epoch 43, 7,726,090/7,726,090 trainable)

=== esol | hybrid | seed 2027 ===
    [esol seed 2027] repartitioned: train=902 valid=113 test=113
  rmse=0.8083 mae=0.6201 r2=0.8255 (13s, best epoch 22, 7,726,090/7,726,090 trainable)

=== freesolv | hybrid | seed 2025 ===
    [freesolv seed 2025] repartitioned: train=513 valid=64 test=65
  rmse=1.2873 mae=1.0046 r2=0.8438 (10s, best epoch 40, 7,725,578/7,725,578 trainable)

=== freesolv | hybrid | seed 2026 ===
    [freesolv seed 2026] repartitioned: train=513 valid=64 test=65
  rmse=1.6386 mae=1.2764 r2=0.8200 (6s, best epoch 12, 7,725,578/7,725,578 trainable)

=== freesolv | hybrid | seed 2027 ===
    [freesolv seed 2027] repartitioned: train=513 valid=64 test=65
  rmse=1.0629 mae=0.8509 r2=0.9046 (9s, best epoch 36, 7,725,578/7,725,578 trainable)

=== lipo | hybrid | seed 2025 ===
    [lipo seed 2025] repartitioned: train=3360 valid=420 test=420
  rmse=0.7960 mae=0.6219 r2=0.5765 (79s, best epoch 42, 7,726,602/7,726,602 trainable)

=== lipo | hybrid | seed 2026 ===
    [lipo seed 2026] repartitioned: train=3360 valid=420 test=420
  rmse=0.8245 mae=0.6291 r2=0.5367 (73s, best epoch 36, 7,726,602/7,726,602 trainable)

=== lipo | hybrid | seed 2027 ===
    [lipo seed 2027] repartitioned: train=3360 valid=420 test=420
  rmse=0.8802 mae=0.6732 r2=0.4590 (66s, best epoch 30, 7,726,602/7,726,602 trainable)

WARNING: pretrained_ablation_resplit_hybrid_scratch.csv now mixes rows measured over different pools. Those are different benchmarks:
    hybrid         pool   642  3 rows
    hybrid         pool  1128  3 rows
    hybrid         pool  4200  3 rows
  summarize_results.py splits them; rows written before n_pool existed carry no such information and cannot be separated after the fact.

==============================================================================
RMSE, mean +/- std over seeds (lower is better)
==============================================================================
config                          esol            freesolv                lipo
----------------------------------------------------------------------------
hybrid                  0.764 +/-0.056        1.330 +/-0.290        0.834 +/-0.043

Wrote results/pretrained_ablation_resplit_hybrid_scratch.csv

=== fila: init -> results/pretrained_ablation_resplit_hybrid_init.csv (03:10:46) ===

=== esol | hybrid | seed 2025 ===
    [esol seed 2025] repartitioned: train=902 valid=113 test=113
  initialized from checkpoints/pretrain_moses/hybrid_graph_smiles_s2025.pt (step 40000), head reset
  rmse=0.7116 mae=0.5321 r2=0.8759 (10s, best epoch 5, 7,724,554/7,724,554 trainable)

=== esol | hybrid | seed 2026 ===
    [esol seed 2026] repartitioned: train=902 valid=113 test=113
  initialized from checkpoints/pretrain_moses/hybrid_graph_smiles_s2025.pt (step 40000), head reset
  rmse=0.6350 mae=0.4486 r2=0.9132 (18s, best epoch 37, 7,724,554/7,724,554 trainable)

=== esol | hybrid | seed 2027 ===
    [esol seed 2027] repartitioned: train=902 valid=113 test=113
  initialized from checkpoints/pretrain_moses/hybrid_graph_smiles_s2025.pt (step 40000), head reset
  rmse=0.5779 mae=0.4375 r2=0.9108 (12s, best epoch 14, 7,724,554/7,724,554 trainable)

=== freesolv | hybrid | seed 2025 ===
    [freesolv seed 2025] repartitioned: train=513 valid=64 test=65
  initialized from checkpoints/pretrain_moses/hybrid_graph_smiles_s2025.pt (step 40000), head reset
  rmse=1.0461 mae=0.5880 r2=0.8968 (11s, best epoch 49, 7,724,554/7,724,554 trainable)

=== freesolv | hybrid | seed 2026 ===
    [freesolv seed 2026] repartitioned: train=513 valid=64 test=65
  initialized from checkpoints/pretrain_moses/hybrid_graph_smiles_s2025.pt (step 40000), head reset
  rmse=0.9658 mae=0.5752 r2=0.9375 (8s, best epoch 29, 7,724,554/7,724,554 trainable)

=== freesolv | hybrid | seed 2027 ===
    [freesolv seed 2027] repartitioned: train=513 valid=64 test=65
  initialized from checkpoints/pretrain_moses/hybrid_graph_smiles_s2025.pt (step 40000), head reset
  rmse=0.7593 mae=0.5127 r2=0.9513 (8s, best epoch 26, 7,724,554/7,724,554 trainable)

=== lipo | hybrid | seed 2025 ===
    [lipo seed 2025] repartitioned: train=3360 valid=420 test=420
  initialized from checkpoints/pretrain_moses/hybrid_graph_smiles_s2025.pt (step 40000), head reset
  rmse=0.6885 mae=0.5207 r2=0.6832 (66s, best epoch 30, 7,724,554/7,724,554 trainable)

=== lipo | hybrid | seed 2026 ===
    [lipo seed 2026] repartitioned: train=3360 valid=420 test=420
  initialized from checkpoints/pretrain_moses/hybrid_graph_smiles_s2025.pt (step 40000), head reset
  rmse=0.6650 mae=0.5255 r2=0.6986 (55s, best epoch 20, 7,724,554/7,724,554 trainable)

=== lipo | hybrid | seed 2027 ===
    [lipo seed 2027] repartitioned: train=3360 valid=420 test=420
  initialized from checkpoints/pretrain_moses/hybrid_graph_smiles_s2025.pt (step 40000), head reset
  rmse=0.6677 mae=0.5069 r2=0.6886 (57s, best epoch 21, 7,724,554/7,724,554 trainable)

WARNING: pretrained_ablation_resplit_hybrid_init.csv now mixes rows measured over different pools. Those are different benchmarks:
    hybrid         pool   642  3 rows
    hybrid         pool  1128  3 rows
    hybrid         pool  4200  3 rows
  summarize_results.py splits them; rows written before n_pool existed carry no such information and cannot be separated after the fact.

==============================================================================
RMSE, mean +/- std over seeds (lower is better)
==============================================================================
config                          esol            freesolv                lipo
----------------------------------------------------------------------------
hybrid                  0.641 +/-0.067        0.924 +/-0.148        0.674 +/-0.013

Wrote results/pretrained_ablation_resplit_hybrid_init.csv

=== done (03:14:54) ===

==============================================================================
1. Mitad predictiva -- ESOL / FreeSolv / Lipophilicity
==============================================================================

  esol / hybrid / 1128 / init=hybrid_graph_smiles_s2025
    fila                               RMSE       MAE       R2   n
    desde cero               0.7645 +/- 0.0560   0.5729   0.8563   3
    preentrenado (MOSES)     0.6415 +/- 0.0671   0.4727   0.9000   3
      -> 3/3 semillas favorecen a preentrenado (MOSES) (signo consistente, p=0.125 bajo la nula)
      -> preentrenado (MOSES) mejor por 0.1230 RMSE, 1.3x la dispersion pareada por semilla (0.0930)

  freesolv / hybrid / 642 / init=hybrid_graph_smiles_s2025
    fila                               RMSE       MAE       R2   n
    desde cero               1.3296 +/- 0.2902   1.0439   0.8561   3
    preentrenado (MOSES)     0.9237 +/- 0.1480   0.5586   0.9285   3
      -> 3/3 semillas favorecen a preentrenado (MOSES) (signo consistente, p=0.125 bajo la nula)
      -> preentrenado (MOSES) mejor por 0.4059 RMSE, 1.7x la dispersion pareada por semilla (0.2332)

  lipo / hybrid / 4200 / init=hybrid_graph_smiles_s2025
    fila                               RMSE       MAE       R2   n
    desde cero               0.8336 +/- 0.0428   0.6414   0.5241   3
    preentrenado (MOSES)     0.6737 +/- 0.0128   0.5177   0.6901   3
      -> 3/3 semillas favorecen a preentrenado (MOSES) (signo consistente, p=0.125 bajo la nula)
      -> preentrenado (MOSES) mejor por 0.1598 RMSE, 3.0x la dispersion pareada por semilla (0.0525)

  RMSE menor es mejor. La desviacion es sobre semillas. Con 3 semillas esto es
  una comprobacion de cordura, no una prueba estadistica: sirve para descartar
  diferencias que no existen, no para afirmar las que si.

==============================================================================
2. Generacion, entrenamiento -- NO responde la pregunta de la tesis
==============================================================================

    corrida                                     params    pasos  val loss  tok acc   min
    pairs_graph-only_scratch_s2025          10,135,588   60,000    0.1047   0.9588    16
    pairs_graph_smiles_pretrained_s2025     14,113,319   60,000    0.1249   0.9510    31
    pairs_graph_smiles_scratch_s2025        14,113,319   60,000    0.0953   0.9628    31
    pairs_smiles-only_scratch_s2025         10,893,857   60,000    0.0981   0.9616    26

  Esto mide reconstruccion de SELFIES. Como los pares tienen Tanimoto >= 0.50,
  un modelo que copie la semilla puntua bien sin haber aprendido a condicionar.
  Sirve para ver que el entrenamiento convergio, no para comparar brazos.

  La columna de parametros si es comparable: los brazos de una sola modalidad
  deberian quedar cerca entre si. Si graph-only tiene ~450k y smiles-only ~3.9M,
  el checkpoint es anterior al equiparado de capacidad y la ablacion no es valida.

==============================================================================
3. Generacion, oraculo -- ESTA es la pregunta de la tesis
==============================================================================

    brazo                             w     rho   pend.  valid  unico  novel  copia  tanim    nulo     sd
    pairs_graph-only_scratch_s2025  1.0  +0.786  +0.866  1.000  0.935  0.857  0.039  0.522  -0.145  0.754
                                    3.0  +0.851  +1.114  1.000  0.959  0.877  0.035  0.482  -0.153  0.755
    pairs_graph_smiles_pretrained_  1.0  +0.778  +0.893  1.000  0.958  0.885  0.025  0.463  -0.222  0.783
                                    3.0  +0.806  +1.158  1.000  0.951  0.904  0.014  0.435  -0.222  0.734
    pairs_graph_smiles_scratch_s20  1.0  +0.811  +0.900  1.000  0.930  0.854  0.040  0.520  -0.263  0.763
                                    3.0  +0.856  +1.145  1.000  0.950  0.874  0.038  0.490  -0.181  0.761
    pairs_smiles-only_scratch_s202  1.0  +0.812  +0.885  1.000  0.933  0.845  0.044  0.525  -0.156  0.668
                                    3.0  +0.871  +1.131  1.000  0.950  0.876  0.034  0.481  -0.168  0.638

  rho   correlacion entre el bin pedido y el delta obtenido, intra-semilla.
        Es el numero. Un modelo que ignora la condicion da ~0 aunque su
        perdida de la seccion 2 sea la mejor de las cuatro.
  pend. delta obtenido por unidad de delta pedido; 1.0 seria obediencia exacta.
  copia fraccion que devuelve la semilla sin cambios. rho alto con copia alta
        no existe, pero copia alta con rho ~0 es el modo de fallo esperado.

  Si rho no sube al subir w, la guia libre de clasificador no esta haciendo
  nada, que es el diagnostico gratis que esa perilla compra.

  nulo  el mismo brazo, mismas semillas, condicion puesta al bin nulo. Es la
        referencia honesta: si su delta medio y su dispersion se parecen a los
        de los bins pedidos, la condicion no esta haciendo el trabajo y rho
        viene de otra parte. Debe rondar cero con dispersion ancha.

==============================================================================
Estado
==============================================================================
  [x] mitad predictiva
  [x] generacion (entrenamiento)
  [x] generacion (oraculo)
