nohup: ignoring input
NVIDIA RTX PRO 4500 Blackwell | kernels OK True
otros procesos en la GPU (aqui no hay cola):
  851518, 2422 MiB

=== fila: scratch -> results/pretrained_ablation_resplit_hybrid_qm9_scratch.csv (14:51:50) ===

=== esol | hybrid | seed 2025 ===
    [esol seed 2025] repartitioned: train=902 valid=113 test=113
  rmse=0.7533 mae=0.5592 r2=0.8609 (67s, best epoch 32, 7,726,090/7,726,090 trainable)

=== esol | hybrid | seed 2026 ===
    [esol seed 2026] repartitioned: train=902 valid=113 test=113
  rmse=0.7409 mae=0.5444 r2=0.8818 (59s, best epoch 25, 7,726,090/7,726,090 trainable)

=== esol | hybrid | seed 2027 ===
    [esol seed 2027] repartitioned: train=902 valid=113 test=113
  rmse=0.7269 mae=0.5421 r2=0.8589 (41s, best epoch 24, 7,726,090/7,726,090 trainable)

=== freesolv | hybrid | seed 2025 ===
    [freesolv seed 2025] repartitioned: train=513 valid=64 test=65
  rmse=1.5153 mae=1.1505 r2=0.7835 (9s, best epoch 26, 7,725,578/7,725,578 trainable)

=== freesolv | hybrid | seed 2026 ===
    [freesolv seed 2026] repartitioned: train=513 valid=64 test=65
  rmse=1.2665 mae=0.8634 r2=0.8925 (24s, best epoch 25, 7,725,578/7,725,578 trainable)

=== freesolv | hybrid | seed 2027 ===
    [freesolv seed 2027] repartitioned: train=513 valid=64 test=65
  rmse=1.6991 mae=1.1049 r2=0.7562 (27s, best epoch 15, 7,725,578/7,725,578 trainable)

=== lipo | hybrid | seed 2025 ===
    [lipo seed 2025] repartitioned: train=3360 valid=420 test=420
  rmse=0.8097 mae=0.6267 r2=0.5618 (246s, best epoch 31, 7,726,602/7,726,602 trainable)

=== lipo | hybrid | seed 2026 ===
    [lipo seed 2026] repartitioned: train=3360 valid=420 test=420
  rmse=0.7956 mae=0.6298 r2=0.5686 (189s, best epoch 22, 7,726,602/7,726,602 trainable)

=== lipo | hybrid | seed 2027 ===
    [lipo seed 2027] repartitioned: train=3360 valid=420 test=420
  rmse=0.8937 mae=0.7048 r2=0.4422 (158s, best epoch 13, 7,726,602/7,726,602 trainable)

WARNING: pretrained_ablation_resplit_hybrid_qm9_scratch.csv now mixes rows measured over different pools. Those are different benchmarks:
    hybrid         pool   642  3 rows
    hybrid         pool  1128  3 rows
    hybrid         pool  4200  3 rows
  summarize_results.py splits them; rows written before n_pool existed carry no such information and cannot be separated after the fact.

==============================================================================
RMSE, mean +/- std over seeds (lower is better)
==============================================================================
config                          esol            freesolv                lipo
----------------------------------------------------------------------------
hybrid                  0.740 +/-0.013        1.494 +/-0.217        0.833 +/-0.053

Wrote results/pretrained_ablation_resplit_hybrid_qm9_scratch.csv

=== fila: init -> results/pretrained_ablation_resplit_hybrid_qm9_init.csv (15:05:35) ===

=== esol | hybrid | seed 2025 ===
    [esol seed 2025] repartitioned: train=902 valid=113 test=113
  initialized from checkpoints/pretrain_moses/hybrid_graph_smiles_qm9_s2025.pt (step 40000), head reset
  rmse=0.6175 mae=0.4686 r2=0.9065 (51s, best epoch 19, 7,724,810/7,724,810 trainable)

=== esol | hybrid | seed 2026 ===
    [esol seed 2026] repartitioned: train=902 valid=113 test=113
  initialized from checkpoints/pretrain_moses/hybrid_graph_smiles_qm9_s2025.pt (step 40000), head reset
  rmse=0.6120 mae=0.4661 r2=0.9194 (47s, best epoch 16, 7,724,810/7,724,810 trainable)

=== esol | hybrid | seed 2027 ===
    [esol seed 2027] repartitioned: train=902 valid=113 test=113
  initialized from checkpoints/pretrain_moses/hybrid_graph_smiles_qm9_s2025.pt (step 40000), head reset
  rmse=0.6315 mae=0.4896 r2=0.8935 (51s, best epoch 22, 7,724,810/7,724,810 trainable)

=== freesolv | hybrid | seed 2025 ===
    [freesolv seed 2025] repartitioned: train=513 valid=64 test=65
  initialized from checkpoints/pretrain_moses/hybrid_graph_smiles_qm9_s2025.pt (step 40000), head reset
  rmse=0.9183 mae=0.5483 r2=0.9205 (38s, best epoch 39, 7,724,810/7,724,810 trainable)

=== freesolv | hybrid | seed 2026 ===
    [freesolv seed 2026] repartitioned: train=513 valid=64 test=65
  initialized from checkpoints/pretrain_moses/hybrid_graph_smiles_qm9_s2025.pt (step 40000), head reset
  rmse=1.1398 mae=0.7532 r2=0.9129 (29s, best epoch 22, 7,724,810/7,724,810 trainable)

=== freesolv | hybrid | seed 2027 ===
    [freesolv seed 2027] repartitioned: train=513 valid=64 test=65
  initialized from checkpoints/pretrain_moses/hybrid_graph_smiles_qm9_s2025.pt (step 40000), head reset
  rmse=0.8948 mae=0.6298 r2=0.9324 (22s, best epoch 10, 7,724,810/7,724,810 trainable)

=== lipo | hybrid | seed 2025 ===
    [lipo seed 2025] repartitioned: train=3360 valid=420 test=420
  initialized from checkpoints/pretrain_moses/hybrid_graph_smiles_qm9_s2025.pt (step 40000), head reset
  rmse=0.6399 mae=0.4796 r2=0.7263 (153s, best epoch 21, 7,724,810/7,724,810 trainable)

=== lipo | hybrid | seed 2026 ===
    [lipo seed 2026] repartitioned: train=3360 valid=420 test=420
  initialized from checkpoints/pretrain_moses/hybrid_graph_smiles_qm9_s2025.pt (step 40000), head reset
  rmse=0.6390 mae=0.4834 r2=0.7218 (167s, best epoch 13, 7,724,810/7,724,810 trainable)

=== lipo | hybrid | seed 2027 ===
    [lipo seed 2027] repartitioned: train=3360 valid=420 test=420
  initialized from checkpoints/pretrain_moses/hybrid_graph_smiles_qm9_s2025.pt (step 40000), head reset
  rmse=0.6575 mae=0.5017 r2=0.6981 (208s, best epoch 35, 7,724,810/7,724,810 trainable)

WARNING: pretrained_ablation_resplit_hybrid_qm9_init.csv now mixes rows measured over different pools. Those are different benchmarks:
    hybrid         pool   642  3 rows
    hybrid         pool  1128  3 rows
    hybrid         pool  4200  3 rows
  summarize_results.py splits them; rows written before n_pool existed carry no such information and cannot be separated after the fact.

==============================================================================
RMSE, mean +/- std over seeds (lower is better)
==============================================================================
config                          esol            freesolv                lipo
----------------------------------------------------------------------------
hybrid                  0.620 +/-0.010        0.984 +/-0.135        0.645 +/-0.010

Wrote results/pretrained_ablation_resplit_hybrid_qm9_init.csv

=== done (15:18:24) ===

==============================================================================
1. Mitad predictiva -- ESOL / FreeSolv / Lipophilicity
==============================================================================

  esol / hybrid / 1128 / init=hybrid_graph_smiles_qm9_s2025
    fila                               RMSE       MAE       R2   n
    desde cero               0.7524 +/- 0.0387   0.5607   0.8618   6
    preentrenado (MOSES)     0.6203 +/- 0.0101   0.4748   0.9065   3
      -> preentrenado (MOSES) mejor por 0.1321 RMSE, 5.4x la dispersion entre medias (semillas no emparejadas) (0.0244)

  freesolv / hybrid / 642 / init=hybrid_graph_smiles_qm9_s2025
    fila                               RMSE       MAE       R2   n
    desde cero               1.4116 +/- 0.2462   1.0418   0.8334   6
    preentrenado (MOSES)     0.9843 +/- 0.1352   0.6438   0.9219   3
      -> preentrenado (MOSES) mejor por 0.4273 RMSE, 2.2x la dispersion entre medias (semillas no emparejadas) (0.1907)

  lipo / hybrid / 4200 / init=hybrid_graph_smiles_qm9_s2025
    fila                               RMSE       MAE       R2   n
    desde cero               0.8333 +/- 0.0431   0.6476   0.5241   6
    preentrenado (MOSES)     0.6455 +/- 0.0105   0.4882   0.7154   3
      -> preentrenado (MOSES) mejor por 0.1878 RMSE, 7.0x la dispersion entre medias (semillas no emparejadas) (0.0268)

  esol / hybrid / 1128 / init=hybrid_graph_smiles_s2025
    fila                               RMSE       MAE       R2   n
    desde cero               0.7524 +/- 0.0387   0.5607   0.8618   6
    preentrenado (MOSES)     0.6415 +/- 0.0671   0.4727   0.9000   3
      -> preentrenado (MOSES) mejor por 0.1109 RMSE, 2.1x la dispersion entre medias (semillas no emparejadas) (0.0529)

  freesolv / hybrid / 642 / init=hybrid_graph_smiles_s2025
    fila                               RMSE       MAE       R2   n
    desde cero               1.4116 +/- 0.2462   1.0418   0.8334   6
    preentrenado (MOSES)     0.9237 +/- 0.1480   0.5586   0.9285   3
      -> preentrenado (MOSES) mejor por 0.4879 RMSE, 2.5x la dispersion entre medias (semillas no emparejadas) (0.1971)

  lipo / hybrid / 4200 / init=hybrid_graph_smiles_s2025
    fila                               RMSE       MAE       R2   n
    desde cero               0.8333 +/- 0.0431   0.6476   0.5241   6
    preentrenado (MOSES)     0.6737 +/- 0.0128   0.5177   0.6901   3
      -> preentrenado (MOSES) mejor por 0.1595 RMSE, 5.7x la dispersion entre medias (semillas no emparejadas) (0.0280)

==============================================================================
1b. Encoder contra encoder, pareado por semilla
==============================================================================

  esol
    hybrid_graph_smiles_qm9_s2025            0.6203 +/- 0.0101
    hybrid_graph_smiles_s2025                0.6415 +/- 0.0671
      -> hybrid_graph_smiles_qm9_s2025 mejor por 0.0211 (+/- 0.0739), 2/3 semillas, dentro de la dispersion: no es un resultado

  freesolv
    hybrid_graph_smiles_qm9_s2025            0.9843 +/- 0.1352
    hybrid_graph_smiles_s2025                0.9237 +/- 0.1480
      -> hybrid_graph_smiles_s2025 mejor por 0.0606 (+/- 0.1643), 2/3 semillas, dentro de la dispersion: no es un resultado

  lipo
    hybrid_graph_smiles_qm9_s2025            0.6455 +/- 0.0105
    hybrid_graph_smiles_s2025                0.6737 +/- 0.0128
      -> hybrid_graph_smiles_qm9_s2025 mejor por 0.0283 (+/- 0.0193), 3/3 semillas, 1.5x la dispersion

  Esta es la comparacion valida entre corpus de preentrenamiento. Leerla
  restando las medias de los bloques de arriba mezcla dos corridas distintas,
  y dos corridas identicas difieren aqui en torno a 0.01 RMSE.

  RMSE menor es mejor. La desviacion es sobre semillas. Con 3 semillas esto es
  una comprobacion de cordura, no una prueba estadistica: sirve para descartar
  diferencias que no existen, no para afirmar las que si.

==============================================================================
2. Generacion, entrenamiento -- NO responde la pregunta de la tesis
==============================================================================

    corrida                                     params    pasos  val loss  tok acc   min
    pairs_graph-only_scratch_s2025          10,135,588   60,000    0.1047   0.9588    16
    pairs_graph_smiles_pretrained_s2025     14,113,319   60,000    0.1249   0.9510    31
    pairs_graph_smiles_scratch_s2025        14,113,319   60,000    0.0953   0.9628    31
    pairs_smiles-only_scratch_s2025         10,893,857   60,000    0.0981   0.9616    26

  Esto mide reconstruccion de SELFIES. Como los pares tienen Tanimoto >= 0.50,
  un modelo que copie la semilla puntua bien sin haber aprendido a condicionar.
  Sirve para ver que el entrenamiento convergio, no para comparar brazos.

  La columna de parametros si es comparable: los brazos de una sola modalidad
  deberian quedar cerca entre si. Si graph-only tiene ~450k y smiles-only ~3.9M,
  el checkpoint es anterior al equiparado de capacidad y la ablacion no es valida.

==============================================================================
3. Generacion, oraculo -- ESTA es la pregunta de la tesis
==============================================================================

    brazo                             w     rho   pend.  valid  unico  novel  copia  tanim    nulo     sd
    pairs_graph-only_scratch_s2025  1.0  +0.786  +0.866  1.000  0.935  0.857  0.039  0.522  -0.145  0.754
                                    3.0  +0.851  +1.114  1.000  0.959  0.877  0.035  0.482  -0.153  0.755
    pairs_graph_smiles_pretrained_  1.0  +0.778  +0.893  1.000  0.958  0.885  0.025  0.463  -0.222  0.783
                                    3.0  +0.806  +1.158  1.000  0.951  0.904  0.014  0.435  -0.222  0.734
    pairs_graph_smiles_scratch_s20  1.0  +0.811  +0.900  1.000  0.930  0.854  0.040  0.520  -0.263  0.763
                                    3.0  +0.856  +1.145  1.000  0.950  0.874  0.038  0.490  -0.181  0.761
    pairs_smiles-only_scratch_s202  1.0  +0.812  +0.885  1.000  0.933  0.845  0.044  0.525  -0.156  0.668
                                    3.0  +0.871  +1.131  1.000  0.950  0.876  0.034  0.481  -0.168  0.638

  rho   correlacion entre el bin pedido y el delta obtenido, intra-semilla.
        Es el numero. Un modelo que ignora la condicion da ~0 aunque su
        perdida de la seccion 2 sea la mejor de las cuatro.
  pend. delta obtenido por unidad de delta pedido; 1.0 seria obediencia exacta.
  copia fraccion que devuelve la semilla sin cambios. rho alto con copia alta
        no existe, pero copia alta con rho ~0 es el modo de fallo esperado.

  Si rho no sube al subir w, la guia libre de clasificador no esta haciendo
  nada, que es el diagnostico gratis que esa perilla compra.

  nulo  el mismo brazo, mismas semillas, condicion puesta al bin nulo. Es la
        referencia honesta: si su delta medio y su dispersion se parecen a los
        de los bins pedidos, la condicion no esta haciendo el trabajo y rho
        viene de otra parte. Debe rondar cero con dispersion ancha.

==============================================================================
Estado
==============================================================================
  [x] mitad predictiva
  [x] generacion (entrenamiento)
  [x] generacion (oraculo)
