nohup: ignoring input
NVIDIA RTX PRO 4500 Blackwell | kernels OK True
otros procesos en la GPU (aqui no hay cola):
  2355510, 936 MiB

=== fila: scratch -> results/pretrained_ablation_resplit_scratch.csv (15:47:31) ===

=== esol | hybrid | seed 2025 ===
    [esol seed 2025] repartitioned: train=893 valid=112 test=112
  rmse=0.7873 mae=0.5987 r2=0.8499 (17s, best epoch 14, 7,726,090/7,726,090 trainable)

=== esol | hybrid | seed 2026 ===
    [esol seed 2026] repartitioned: train=893 valid=112 test=112
  rmse=0.7634 mae=0.5742 r2=0.8623 (23s, best epoch 34, 7,726,090/7,726,090 trainable)

=== esol | hybrid | seed 2027 ===
    [esol seed 2027] repartitioned: train=893 valid=112 test=112
  rmse=0.6717 mae=0.5472 r2=0.8791 (22s, best epoch 34, 7,726,090/7,726,090 trainable)

=== freesolv | hybrid | seed 2025 ===
    [freesolv seed 2025] repartitioned: train=513 valid=64 test=65
  rmse=1.2164 mae=0.8952 r2=0.8941 (9s, best epoch 33, 7,725,578/7,725,578 trainable)

=== freesolv | hybrid | seed 2026 ===
    [freesolv seed 2026] repartitioned: train=513 valid=64 test=65
  rmse=1.2964 mae=1.0101 r2=0.9056 (8s, best epoch 28, 7,725,578/7,725,578 trainable)

=== freesolv | hybrid | seed 2027 ===
    [freesolv seed 2027] repartitioned: train=513 valid=64 test=65
  rmse=1.7462 mae=1.1093 r2=0.8175 (11s, best epoch 45, 7,725,578/7,725,578 trainable)

=== lipo | hybrid | seed 2025 ===
    [lipo seed 2025] repartitioned: train=3360 valid=420 test=420
  rmse=0.7842 mae=0.6095 r2=0.5935 (74s, best epoch 37, 7,726,602/7,726,602 trainable)

=== lipo | hybrid | seed 2026 ===
    [lipo seed 2026] repartitioned: train=3360 valid=420 test=420
  rmse=0.8403 mae=0.6301 r2=0.5481 (59s, best epoch 23, 7,726,602/7,726,602 trainable)

=== lipo | hybrid | seed 2027 ===
    [lipo seed 2027] repartitioned: train=3360 valid=420 test=420
  rmse=0.9092 mae=0.6360 r2=0.4366 (62s, best epoch 26, 7,726,602/7,726,602 trainable)

==============================================================================
RMSE, mean +/- std over seeds (lower is better)
==============================================================================
config                          esol            freesolv                lipo
----------------------------------------------------------------------------
hybrid                  0.741 +/-0.061        1.420 +/-0.286        0.845 +/-0.063

Wrote results/pretrained_ablation_resplit_scratch.csv

=== fila: init -> results/pretrained_ablation_resplit_init.csv (15:52:18) ===

=== esol | hybrid | seed 2025 ===
    [esol seed 2025] repartitioned: train=893 valid=112 test=112
  initialized from checkpoints/pretrain_moses/hybrid_graph_smiles_s2025.pt (step 40000), head reset
  rmse=0.5818 mae=0.4207 r2=0.9180 (15s, best epoch 28, 7,724,554/7,724,554 trainable)

=== esol | hybrid | seed 2026 ===
    [esol seed 2026] repartitioned: train=893 valid=112 test=112
  initialized from checkpoints/pretrain_moses/hybrid_graph_smiles_s2025.pt (step 40000), head reset
  rmse=0.6560 mae=0.4899 r2=0.8983 (11s, best epoch 12, 7,724,554/7,724,554 trainable)

=== esol | hybrid | seed 2027 ===
    [esol seed 2027] repartitioned: train=893 valid=112 test=112
  initialized from checkpoints/pretrain_moses/hybrid_graph_smiles_s2025.pt (step 40000), head reset
  rmse=0.5940 mae=0.4663 r2=0.9054 (18s, best epoch 41, 7,724,554/7,724,554 trainable)

=== freesolv | hybrid | seed 2025 ===
    [freesolv seed 2025] repartitioned: train=513 valid=64 test=65
  initialized from checkpoints/pretrain_moses/hybrid_graph_smiles_s2025.pt (step 40000), head reset
  rmse=1.1305 mae=0.7893 r2=0.9085 (6s, best epoch 9, 7,724,554/7,724,554 trainable)

=== freesolv | hybrid | seed 2026 ===
    [freesolv seed 2026] repartitioned: train=513 valid=64 test=65
  initialized from checkpoints/pretrain_moses/hybrid_graph_smiles_s2025.pt (step 40000), head reset
  rmse=1.0083 mae=0.6116 r2=0.9429 (9s, best epoch 33, 7,724,554/7,724,554 trainable)

=== freesolv | hybrid | seed 2027 ===
    [freesolv seed 2027] repartitioned: train=513 valid=64 test=65
  initialized from checkpoints/pretrain_moses/hybrid_graph_smiles_s2025.pt (step 40000), head reset
  rmse=1.2790 mae=0.7189 r2=0.9021 (10s, best epoch 41, 7,724,554/7,724,554 trainable)

=== lipo | hybrid | seed 2025 ===
    [lipo seed 2025] repartitioned: train=3360 valid=420 test=420
  initialized from checkpoints/pretrain_moses/hybrid_graph_smiles_s2025.pt (step 40000), head reset
  rmse=0.6721 mae=0.5184 r2=0.7015 (61s, best epoch 25, 7,724,554/7,724,554 trainable)

=== lipo | hybrid | seed 2026 ===
    [lipo seed 2026] repartitioned: train=3360 valid=420 test=420
  initialized from checkpoints/pretrain_moses/hybrid_graph_smiles_s2025.pt (step 40000), head reset
  rmse=0.6444 mae=0.4814 r2=0.7343 (63s, best epoch 26, 7,724,554/7,724,554 trainable)

=== lipo | hybrid | seed 2027 ===
    [lipo seed 2027] repartitioned: train=3360 valid=420 test=420
  initialized from checkpoints/pretrain_moses/hybrid_graph_smiles_s2025.pt (step 40000), head reset
  rmse=0.6967 mae=0.5027 r2=0.6692 (56s, best epoch 20, 7,724,554/7,724,554 trainable)

==============================================================================
RMSE, mean +/- std over seeds (lower is better)
==============================================================================
config                          esol            freesolv                lipo
----------------------------------------------------------------------------
hybrid                  0.611 +/-0.040        1.139 +/-0.136        0.671 +/-0.026

Wrote results/pretrained_ablation_resplit_init.csv

=== done (15:56:30) ===

==============================================================================
1. Mitad predictiva -- ESOL / FreeSolv / Lipophilicity
==============================================================================

  esol
    fila                               RMSE       MAE       R2   n
    desde cero               0.7408 +/- 0.0610   0.5734   0.8638   3
    preentrenado (MOSES)     0.6106 +/- 0.0397   0.4590   0.9073   3
      -> preentrenado (MOSES) mejor por 0.1302 RMSE, 1.9x la dispersion pareada por semilla (0.0669)

  freesolv
    fila                               RMSE       MAE       R2   n
    desde cero               1.4196 +/- 0.2856   1.0049   0.8724   3
    preentrenado (MOSES)     1.1392 +/- 0.1355   0.7066   0.9178   3
      -> preentrenado (MOSES) mejor por 0.2804 RMSE, 1.5x la dispersion pareada por semilla (0.1908)

  lipo
    fila                               RMSE       MAE       R2   n
    desde cero               0.8446 +/- 0.0626   0.6252   0.5261   3
    preentrenado (MOSES)     0.6711 +/- 0.0262   0.5008   0.7016   3
      -> preentrenado (MOSES) mejor por 0.1735 RMSE, 3.2x la dispersion pareada por semilla (0.0538)

  RMSE menor es mejor. La desviacion es sobre semillas. Con 3 semillas esto es
  una comprobacion de cordura, no una prueba estadistica: sirve para descartar
  diferencias que no existen, no para afirmar las que si.

==============================================================================
2. Generacion, entrenamiento -- NO responde la pregunta de la tesis
==============================================================================

    corrida                                     params    pasos  val loss  tok acc   min
    pairs_graph-only_scratch_s2025          10,135,588   60,000    0.1047   0.9588    16
    pairs_graph_smiles_pretrained_s2025     14,113,319   60,000    0.1249   0.9510    31
    pairs_graph_smiles_scratch_s2025        14,113,319   60,000    0.0953   0.9628    31
    pairs_smiles-only_scratch_s2025         10,893,857   60,000    0.0981   0.9616    26

  Esto mide reconstruccion de SELFIES. Como los pares tienen Tanimoto >= 0.50,
  un modelo que copie la semilla puntua bien sin haber aprendido a condicionar.
  Sirve para ver que el entrenamiento convergio, no para comparar brazos.

  La columna de parametros si es comparable: los brazos de una sola modalidad
  deberian quedar cerca entre si. Si graph-only tiene ~450k y smiles-only ~3.9M,
  el checkpoint es anterior al equiparado de capacidad y la ablacion no es valida.

==============================================================================
3. Generacion, oraculo -- ESTA es la pregunta de la tesis
==============================================================================

    brazo                             w     rho   pend.  valid  unico  novel  copia  tanim    nulo     sd
    pairs_graph-only_scratch_s2025  1.0  +0.786  +0.866  1.000  0.935  0.857  0.039  0.522  -0.145  0.754
                                    3.0  +0.851  +1.114  1.000  0.959  0.877  0.035  0.482  -0.153  0.755
    pairs_graph_smiles_pretrained_  1.0  +0.778  +0.893  1.000  0.958  0.885  0.025  0.463  -0.222  0.783
                                    3.0  +0.806  +1.158  1.000  0.951  0.904  0.014  0.435  -0.222  0.734
    pairs_graph_smiles_scratch_s20  1.0  +0.811  +0.900  1.000  0.930  0.854  0.040  0.520  -0.263  0.763
                                    3.0  +0.856  +1.145  1.000  0.950  0.874  0.038  0.490  -0.181  0.761
    pairs_smiles-only_scratch_s202  1.0  +0.812  +0.885  1.000  0.933  0.845  0.044  0.525  -0.156  0.668
                                    3.0  +0.871  +1.131  1.000  0.950  0.876  0.034  0.481  -0.168  0.638

  rho   correlacion entre el bin pedido y el delta obtenido, intra-semilla.
        Es el numero. Un modelo que ignora la condicion da ~0 aunque su
        perdida de la seccion 2 sea la mejor de las cuatro.
  pend. delta obtenido por unidad de delta pedido; 1.0 seria obediencia exacta.
  copia fraccion que devuelve la semilla sin cambios. rho alto con copia alta
        no existe, pero copia alta con rho ~0 es el modo de fallo esperado.

  Si rho no sube al subir w, la guia libre de clasificador no esta haciendo
  nada, que es el diagnostico gratis que esa perilla compra.

  nulo  el mismo brazo, mismas semillas, condicion puesta al bin nulo. Es la
        referencia honesta: si su delta medio y su dispersion se parecen a los
        de los bins pedidos, la condicion no esta haciendo el trabajo y rho
        viene de otra parte. Debe rondar cero con dispersion ancha.

==============================================================================
Estado
==============================================================================
  [x] mitad predictiva
  [x] generacion (entrenamiento)
  [x] generacion (oraculo)
