nohup: ignoring input
NVIDIA RTX PRO 4500 Blackwell | kernels OK True

=== fila: scratch -> results/pretrained_ablation_resplit_scratch.csv (17:32:41) ===

=== esol | mola | seed 2025 ===
    [esol] MolGraphConvFeaturizer dropped 1/1128 before splitting
    [esol seed 2025] repartitioned (mola pool): train=901 valid=113 test=113
  rmse=0.6336 mae=0.4427 r2=0.8983 (17s, best epoch 46, 4,817,927/4,817,927 trainable)

=== esol | mola | seed 2026 ===
    [esol] MolGraphConvFeaturizer dropped 1/1128 before splitting
    [esol seed 2026] repartitioned (mola pool): train=901 valid=113 test=113
  rmse=0.6061 mae=0.4439 r2=0.9225 (13s, best epoch 32, 4,817,927/4,817,927 trainable)

=== esol | mola | seed 2027 ===
    [esol] MolGraphConvFeaturizer dropped 1/1128 before splitting
    [esol seed 2027] repartitioned (mola pool): train=901 valid=113 test=113
  rmse=0.5296 mae=0.3737 r2=0.9268 (21s, best epoch 82, 4,817,927/4,817,927 trainable)

=== esol | mola-fixed | seed 2025 ===
    [esol] MolGraphConvFeaturizer dropped 1/1128 before splitting
    [esol seed 2025] repartitioned (mola pool): train=901 valid=113 test=113
  rmse=0.7249 mae=0.5440 r2=0.8668 (11s, best epoch 17, 4,843,527/4,843,527 trainable)

=== esol | mola-fixed | seed 2026 ===
    [esol] MolGraphConvFeaturizer dropped 1/1128 before splitting
    [esol seed 2026] repartitioned (mola pool): train=901 valid=113 test=113
  rmse=0.6666 mae=0.4961 r2=0.9063 (14s, best epoch 30, 4,843,527/4,843,527 trainable)

=== esol | mola-fixed | seed 2027 ===
    [esol] MolGraphConvFeaturizer dropped 1/1128 before splitting
    [esol seed 2027] repartitioned (mola pool): train=901 valid=113 test=113
  rmse=0.6930 mae=0.5223 r2=0.8746 (12s, best epoch 23, 4,843,527/4,843,527 trainable)

=== freesolv | mola | seed 2025 ===
    [freesolv] MolGraphConvFeaturizer dropped 3/642 before splitting
    [freesolv seed 2025] repartitioned (mola pool): train=511 valid=64 test=64
  rmse=0.9164 mae=0.5956 r2=0.9363 (10s, best epoch 62, 4,817,415/4,817,415 trainable)

=== freesolv | mola | seed 2026 ===
    [freesolv] MolGraphConvFeaturizer dropped 3/642 before splitting
    [freesolv seed 2026] repartitioned (mola pool): train=511 valid=64 test=64
  rmse=1.4662 mae=0.8260 r2=0.9030 (7s, best epoch 34, 4,817,415/4,817,415 trainable)

=== freesolv | mola | seed 2027 ===
    [freesolv] MolGraphConvFeaturizer dropped 3/642 before splitting
    [freesolv seed 2027] repartitioned (mola pool): train=511 valid=64 test=64
  rmse=1.0770 mae=0.5861 r2=0.9205 (6s, best epoch 23, 4,817,415/4,817,415 trainable)

=== freesolv | mola-fixed | seed 2025 ===
    [freesolv] MolGraphConvFeaturizer dropped 3/642 before splitting
    [freesolv seed 2025] repartitioned (mola pool): train=511 valid=64 test=64
  rmse=1.4043 mae=0.8908 r2=0.8504 (7s, best epoch 26, 4,843,015/4,843,015 trainable)

=== freesolv | mola-fixed | seed 2026 ===
    [freesolv] MolGraphConvFeaturizer dropped 3/642 before splitting
    [freesolv seed 2026] repartitioned (mola pool): train=511 valid=64 test=64
  rmse=1.5348 mae=0.9880 r2=0.8937 (7s, best epoch 30, 4,843,015/4,843,015 trainable)

=== freesolv | mola-fixed | seed 2027 ===
    [freesolv] MolGraphConvFeaturizer dropped 3/642 before splitting
    [freesolv seed 2027] repartitioned (mola pool): train=511 valid=64 test=64
  rmse=1.0858 mae=0.7874 r2=0.9192 (5s, best epoch 11, 4,843,015/4,843,015 trainable)

=== lipo | mola | seed 2025 ===
    [lipo seed 2025] repartitioned (mola pool): train=3360 valid=420 test=420
  rmse=0.5665 mae=0.4058 r2=0.7855 (104s, best epoch 91, 4,818,439/4,818,439 trainable)

=== lipo | mola | seed 2026 ===
    [lipo seed 2026] repartitioned (mola pool): train=3360 valid=420 test=420
  rmse=0.5500 mae=0.4116 r2=0.7938 (94s, best epoch 58, 4,818,439/4,818,439 trainable)

=== lipo | mola | seed 2027 ===
    [lipo seed 2027] repartitioned (mola pool): train=3360 valid=420 test=420
  rmse=0.5953 mae=0.4304 r2=0.7525 (76s, best epoch 34, 4,818,439/4,818,439 trainable)

=== lipo | mola-fixed | seed 2025 ===
    [lipo seed 2025] repartitioned (mola pool): train=3360 valid=420 test=420
  rmse=0.7592 mae=0.5728 r2=0.6147 (88s, best epoch 43, 4,844,039/4,844,039 trainable)

=== lipo | mola-fixed | seed 2026 ===
    [lipo seed 2026] repartitioned (mola pool): train=3360 valid=420 test=420
  rmse=0.7422 mae=0.5779 r2=0.6246 (81s, best epoch 35, 4,844,039/4,844,039 trainable)

=== lipo | mola-fixed | seed 2027 ===
    [lipo seed 2027] repartitioned (mola pool): train=3360 valid=420 test=420
  rmse=0.7680 mae=0.5937 r2=0.5881 (71s, best epoch 23, 4,844,039/4,844,039 trainable)

==============================================================================
RMSE, mean +/- std over seeds (lower is better)
==============================================================================
config                          esol            freesolv                lipo
----------------------------------------------------------------------------
mola                    0.590 +/-0.054        1.153 +/-0.283        0.571 +/-0.023
mola-fixed              0.695 +/-0.029        1.342 +/-0.231        0.756 +/-0.013

Wrote results/pretrained_ablation_resplit_scratch.csv

AVISO: sin INIT solo se corrio la fila desde cero. La comparacion que sostiene
la mitad predictiva necesita las dos; vuelve a lanzar con INIT=<checkpoint>.

=== done (17:43:29) ===

==============================================================================
1. Mitad predictiva -- ESOL / FreeSolv / Lipophilicity
==============================================================================

  esol
    fila                               RMSE       MAE       R2   n
    desde cero               0.6874 +/- 0.0886   0.5104   0.8835  18
    preentrenado (MOSES)     0.6092 +/- 0.0452   0.4493   0.9087   6
      -> preentrenado (MOSES) mejor por 0.0782 RMSE, 1.2x la dispersion entre medias (semillas no emparejadas) (0.0669)

  freesolv
    fila                               RMSE       MAE       R2   n
    desde cero               1.2828 +/- 0.2511   0.8574   0.8917  18
    preentrenado (MOSES)     1.0504 +/- 0.1444   0.6726   0.9211   6
      -> preentrenado (MOSES) mejor por 0.2324 RMSE, 1.2x la dispersion entre medias (semillas no emparejadas) (0.1977)

  lipo
    fila                               RMSE       MAE       R2   n
    desde cero               0.7285 +/- 0.1214   0.5473   0.6305  18
    preentrenado (MOSES)     0.6651 +/- 0.0204   0.5036   0.7023   6
      -> diferencia 0.0634, dentro de la dispersion entre medias (semillas no emparejadas) (0.0709): no es un resultado

  RMSE menor es mejor. La desviacion es sobre semillas. Con 3 semillas esto es
  una comprobacion de cordura, no una prueba estadistica: sirve para descartar
  diferencias que no existen, no para afirmar las que si.

==============================================================================
2. Generacion, entrenamiento -- NO responde la pregunta de la tesis
==============================================================================

    corrida                                     params    pasos  val loss  tok acc   min
    pairs_graph-only_scratch_s2025          10,135,588   60,000    0.1047   0.9588    16
    pairs_graph_smiles_pretrained_s2025     14,113,319   60,000    0.1249   0.9510    31
    pairs_graph_smiles_scratch_s2025        14,113,319   60,000    0.0953   0.9628    31
    pairs_smiles-only_scratch_s2025         10,893,857   60,000    0.0981   0.9616    26

  Esto mide reconstruccion de SELFIES. Como los pares tienen Tanimoto >= 0.50,
  un modelo que copie la semilla puntua bien sin haber aprendido a condicionar.
  Sirve para ver que el entrenamiento convergio, no para comparar brazos.

  La columna de parametros si es comparable: los brazos de una sola modalidad
  deberian quedar cerca entre si. Si graph-only tiene ~450k y smiles-only ~3.9M,
  el checkpoint es anterior al equiparado de capacidad y la ablacion no es valida.

==============================================================================
3. Generacion, oraculo -- ESTA es la pregunta de la tesis
==============================================================================

    brazo                             w     rho   pend.  valid  unico  novel  copia  tanim    nulo     sd
    pairs_graph-only_scratch_s2025  1.0  +0.786  +0.866  1.000  0.935  0.857  0.039  0.522  -0.145  0.754
                                    3.0  +0.851  +1.114  1.000  0.959  0.877  0.035  0.482  -0.153  0.755
    pairs_graph_smiles_pretrained_  1.0  +0.778  +0.893  1.000  0.958  0.885  0.025  0.463  -0.222  0.783
                                    3.0  +0.806  +1.158  1.000  0.951  0.904  0.014  0.435  -0.222  0.734
    pairs_graph_smiles_scratch_s20  1.0  +0.811  +0.900  1.000  0.930  0.854  0.040  0.520  -0.263  0.763
                                    3.0  +0.856  +1.145  1.000  0.950  0.874  0.038  0.490  -0.181  0.761
    pairs_smiles-only_scratch_s202  1.0  +0.812  +0.885  1.000  0.933  0.845  0.044  0.525  -0.156  0.668
                                    3.0  +0.871  +1.131  1.000  0.950  0.876  0.034  0.481  -0.168  0.638

  rho   correlacion entre el bin pedido y el delta obtenido, intra-semilla.
        Es el numero. Un modelo que ignora la condicion da ~0 aunque su
        perdida de la seccion 2 sea la mejor de las cuatro.
  pend. delta obtenido por unidad de delta pedido; 1.0 seria obediencia exacta.
  copia fraccion que devuelve la semilla sin cambios. rho alto con copia alta
        no existe, pero copia alta con rho ~0 es el modo de fallo esperado.

  Si rho no sube al subir w, la guia libre de clasificador no esta haciendo
  nada, que es el diagnostico gratis que esa perilla compra.

  nulo  el mismo brazo, mismas semillas, condicion puesta al bin nulo. Es la
        referencia honesta: si su delta medio y su dispersion se parecen a los
        de los bins pedidos, la condicion no esta haciendo el trabajo y rho
        viene de otra parte. Debe rondar cero con dispersion ancha.

==============================================================================
Estado
==============================================================================
  [x] mitad predictiva
  [x] generacion (entrenamiento)
  [x] generacion (oraculo)
