nohup: ignoring input
== 30 of 32 cores ==

=== 1/4 MoleculeNet splits (needed by the corpus deduplication) (12:33:23) ===
[delaney] curation
  molecules                 1,128
  multi-fragment                0  -> reduced to largest fragment
  extreme targets               0  (0.00%, >5 MAD) -- reported, not removed
[delaney] 1117 molecules (11 dup InChIKey merged) | random split train/valid/test = 893/111/113 | y mean=-3.050 std=2.095 range=[-11.600, 1.580]
[freesolv] curation
  molecules                   642
  multi-fragment                0  -> reduced to largest fragment
  extreme targets               3  (0.47%, >5 MAD) -- reported, not removed
[freesolv] 642 molecules (0 dup InChIKey merged) | random split train/valid/test = 513/64/65 | y mean=-3.803 std=3.848 range=[-25.470, 3.430]
[lipo] curation
  molecules                 4,200
  multi-fragment                1  -> reduced to largest fragment
  extreme targets               0  (0.00%, >5 MAD) -- reported, not removed
[lipo] 4200 molecules (0 dup InChIKey merged) | random split train/valid/test = 3360/420/420 | y mean=2.186 std=1.203 range=[-1.500, 4.500]

== warming graph caches ==
  data/deepchem_molnet/delaney/csv/train.csv: 893 graphs
  data/deepchem_molnet/delaney/csv/valid.csv: 111 graphs
  data/deepchem_molnet/delaney/csv/test.csv: 113 graphs
  data/deepchem_molnet/freesolv/csv/train.csv: 513 graphs
  data/deepchem_molnet/freesolv/csv/valid.csv: 64 graphs
  data/deepchem_molnet/freesolv/csv/test.csv: 65 graphs
  data/deepchem_molnet/lipo/csv/train.csv: 3360 graphs
  data/deepchem_molnet/lipo/csv/valid.csv: 420 graphs
  data/deepchem_molnet/lipo/csv/test.csv: 420 graphs
  skipping ZINC15 (--skip-zinc): superseded by the MOSES corpus

Done. Next:
  predictor half : python thesis_model/benchmark/run_baselines.py
  generator half : sbatch scripts/slurm/block1_data.sbatch   (builds the MOSES corpus)

=== 2/4 MOSES corpus (12:33:28) ===
Read 1936962 SMILES from /home/juanjo-malvado/thesis/data/moses/dataset_v1.csv
Canonicalizing + SELFIES-encoding on 30 workers...
  prepared: 100000/1936962 (2s)
  prepared: 200000/1936962 (4s)
  prepared: 300000/1936962 (6s)
  prepared: 400000/1936962 (8s)
  prepared: 500000/1936962 (9s)
  prepared: 600000/1936962 (11s)
  prepared: 700000/1936962 (13s)
  prepared: 800000/1936962 (15s)
  prepared: 900000/1936962 (16s)
  prepared: 1000000/1936962 (18s)
  prepared: 1100000/1936962 (20s)
  prepared: 1200000/1936962 (21s)
  prepared: 1300000/1936962 (23s)
  prepared: 1400000/1936962 (25s)
  prepared: 1500000/1936962 (27s)
  prepared: 1600000/1936962 (28s)
  prepared: 1700000/1936962 (30s)
  prepared: 1800000/1936962 (32s)
  prepared: 1900000/1936962 (33s)
  prepared: 1936962/1936962 (34s)
  kept 1936962, rejected 0 (unparseable or not SELFIES-representable)
  385 internal duplicates (same InChIKey) merged -> 1936577
Checking overlap with the esol/freesolv/lipo TEST splits...
  esol: 1117 molecules excluded from the corpus
  freesolv: 642 molecules excluded from the corpus
  lipo: 4200 molecules excluded from the corpus
  removed 196 molecules present in a test split: {'esol': 37, 'freesolv': 0, 'lipo': 169}
Computing Murcko scaffolds for the overlap report...
  scaffolds: 100000/1936381 (1s)
  scaffolds: 200000/1936381 (2s)
  scaffolds: 300000/1936381 (2s)
  scaffolds: 400000/1936381 (3s)
  scaffolds: 500000/1936381 (3s)
  scaffolds: 600000/1936381 (4s)
  scaffolds: 700000/1936381 (4s)
  scaffolds: 800000/1936381 (4s)
  scaffolds: 900000/1936381 (5s)
  scaffolds: 1000000/1936381 (5s)
  scaffolds: 1100000/1936381 (6s)
  scaffolds: 1200000/1936381 (6s)
  scaffolds: 1300000/1936381 (7s)
  scaffolds: 1400000/1936381 (7s)
  scaffolds: 1500000/1936381 (8s)
  scaffolds: 1600000/1936381 (8s)
  scaffolds: 1700000/1936381 (9s)
  scaffolds: 1800000/1936381 (9s)
  scaffolds: 1900000/1936381 (10s)
  scaffolds: 1936381/1936381 (10s)
  728 scaffolds shared with the test sets, covering 304951 corpus molecules (15.7%) -- reported, not removed
SELFIES token length: median=35 p99=44 max=55  ->  max_len=45 (6608 molecules truncated)
Vocabulary: 29 tokens (4 special, 25 SELFIES -- all of them decodable)
Encoding to int16...
  encoded: 500000/1936381 (1s)
  encoded: 1000000/1936381 (1s)
  encoded: 1500000/1936381 (2s)

Wrote 1936381 molecules to /home/juanjo-malvado/thesis/data/moses
  tokens (1936381, 45) int16 (174 MB)
Next: python data_pipeline/rdkit_labels.py --corpus-dir data/moses

=== 3/4 RDKit oracle labels (12:34:39) ===
Labelling 1936381 molecules on 30 workers...
  100000/1936381 (4s)
  200000/1936381 (8s)
  300000/1936381 (10s)
  400000/1936381 (14s)
  500000/1936381 (17s)
  600000/1936381 (20s)
  700000/1936381 (23s)
  800000/1936381 (26s)
  900000/1936381 (29s)
  1000000/1936381 (32s)
  1100000/1936381 (35s)
  1200000/1936381 (38s)
  1300000/1936381 (42s)
  1400000/1936381 (44s)
  1500000/1936381 (48s)
  1600000/1936381 (51s)
  1700000/1936381 (54s)
  1800000/1936381 (58s)
  1900000/1936381 (60s)

property      mean       std        p1       p50       p99
----------------------------------------------------------
logp         2.446     0.928    -0.117     2.564     4.144
tpsa        65.808    18.097    26.710    64.740   111.860
qed          0.807     0.095     0.518     0.822     0.942
mw         307.461    27.975   251.333   310.438   349.390

Wrote /home/juanjo-malvado/thesis/data/moses/labels.npy (1936381, 4) and labels_meta.json
Next: python data_pipeline/mine_pairs.py --corpus-dir data/moses

=== 4/4 analog pair mining (12:35:42) ===
Corpus: 1936381 molecules, 1936381 with complete labels
Scaffold buckets -> 153698 chunks covering 1641151 molecules (largest 5000); 295230 are alone in their scaffold and yield no pair
Mining pairs on 30 workers (Tanimoto in [0.5, 0.95])...
  500/153698 chunks, 4026538 pairs (3s)
  1000/153698 chunks, 5395088 pairs (3s)
  1500/153698 chunks, 6126246 pairs (4s)
  2000/153698 chunks, 6802970 pairs (4s)
  2500/153698 chunks, 7219522 pairs (4s)
  3000/153698 chunks, 7570116 pairs (4s)
  3500/153698 chunks, 7870270 pairs (4s)
  4000/153698 chunks, 8127198 pairs (4s)
  4500/153698 chunks, 8351794 pairs (4s)
  5000/153698 chunks, 8552552 pairs (5s)
  5500/153698 chunks, 8745616 pairs (5s)
  6000/153698 chunks, 8915118 pairs (5s)
  6500/153698 chunks, 9061952 pairs (5s)
  7000/153698 chunks, 9372078 pairs (5s)
  7500/153698 chunks, 9498108 pairs (5s)
  8000/153698 chunks, 9613242 pairs (5s)
  8500/153698 chunks, 9945574 pairs (5s)
  9000/153698 chunks, 10042178 pairs (5s)
  9500/153698 chunks, 10133490 pairs (5s)
  10000/153698 chunks, 10217548 pairs (5s)
  10500/153698 chunks, 10299182 pairs (5s)
  11000/153698 chunks, 10376266 pairs (5s)
  11500/153698 chunks, 10447296 pairs (5s)
  12000/153698 chunks, 10513990 pairs (5s)
  12500/153698 chunks, 10577560 pairs (5s)
  13000/153698 chunks, 10637384 pairs (5s)
  13500/153698 chunks, 10692794 pairs (5s)
  14000/153698 chunks, 10746312 pairs (5s)
  14500/153698 chunks, 10794776 pairs (6s)
  15000/153698 chunks, 10846020 pairs (6s)
  15500/153698 chunks, 10891864 pairs (6s)
  16000/153698 chunks, 10933236 pairs (6s)
  16500/153698 chunks, 10977724 pairs (6s)
  17000/153698 chunks, 11015470 pairs (6s)
  17500/153698 chunks, 11052034 pairs (6s)
  18000/153698 chunks, 11093050 pairs (6s)
  18500/153698 chunks, 11126792 pairs (6s)
  19000/153698 chunks, 11158798 pairs (6s)
  19500/153698 chunks, 11194010 pairs (6s)
  20000/153698 chunks, 11222756 pairs (6s)
  20500/153698 chunks, 11250128 pairs (6s)
  21000/153698 chunks, 11276594 pairs (6s)
  21500/153698 chunks, 11303264 pairs (6s)
  22000/153698 chunks, 11332864 pairs (6s)
  22500/153698 chunks, 11356306 pairs (6s)
  23000/153698 chunks, 11378786 pairs (6s)
  23500/153698 chunks, 11400366 pairs (6s)
  24000/153698 chunks, 11422630 pairs (6s)
  24500/153698 chunks, 11447004 pairs (6s)
  25000/153698 chunks, 11465422 pairs (6s)
  25500/153698 chunks, 11484610 pairs (6s)
  26000/153698 chunks, 11501866 pairs (6s)
  26500/153698 chunks, 11518598 pairs (6s)
  27000/153698 chunks, 11536016 pairs (6s)
  27500/153698 chunks, 11553828 pairs (6s)
  28000/153698 chunks, 11574844 pairs (6s)
  28500/153698 chunks, 11589494 pairs (6s)
  29000/153698 chunks, 11603858 pairs (6s)
  29500/153698 chunks, 11618238 pairs (6s)
  30000/153698 chunks, 11631364 pairs (6s)
  30500/153698 chunks, 11644646 pairs (6s)
  31000/153698 chunks, 11658010 pairs (6s)
  31500/153698 chunks, 11671460 pairs (6s)
  32000/153698 chunks, 11685118 pairs (6s)
  32500/153698 chunks, 11700752 pairs (6s)
  33000/153698 chunks, 11713646 pairs (6s)
  33500/153698 chunks, 11723640 pairs (6s)
  34000/153698 chunks, 11734188 pairs (6s)
  34500/153698 chunks, 11744868 pairs (6s)
  35000/153698 chunks, 11755164 pairs (6s)
  35500/153698 chunks, 11764862 pairs (6s)
  36000/153698 chunks, 11774650 pairs (6s)
  36500/153698 chunks, 11784704 pairs (6s)
  37000/153698 chunks, 11794032 pairs (6s)
  37500/153698 chunks, 11804136 pairs (6s)
  38000/153698 chunks, 11814476 pairs (6s)
  38500/153698 chunks, 11825840 pairs (6s)
  39000/153698 chunks, 11837526 pairs (6s)
  39500/153698 chunks, 11845400 pairs (6s)
  40000/153698 chunks, 11852204 pairs (6s)
  40500/153698 chunks, 11859256 pairs (6s)
  41000/153698 chunks, 11866550 pairs (6s)
  41500/153698 chunks, 11873722 pairs (6s)
  42000/153698 chunks, 11880576 pairs (6s)
  42500/153698 chunks, 11887612 pairs (6s)
  43000/153698 chunks, 11894328 pairs (6s)
  43500/153698 chunks, 11900984 pairs (6s)
  44000/153698 chunks, 11908070 pairs (6s)
  44500/153698 chunks, 11914458 pairs (6s)
  45000/153698 chunks, 11920824 pairs (6s)
  45500/153698 chunks, 11928000 pairs (6s)
  46000/153698 chunks, 11934704 pairs (6s)
  46500/153698 chunks, 11941768 pairs (6s)
  47000/153698 chunks, 11949270 pairs (6s)
  47500/153698 chunks, 11957000 pairs (6s)
  48000/153698 chunks, 11965012 pairs (6s)
  48500/153698 chunks, 11971762 pairs (6s)
  49000/153698 chunks, 11976242 pairs (6s)
  49500/153698 chunks, 11980598 pairs (6s)
  50000/153698 chunks, 11985174 pairs (7s)
  50500/153698 chunks, 11989738 pairs (7s)
  51000/153698 chunks, 11994326 pairs (7s)
  51500/153698 chunks, 11998912 pairs (7s)
  52000/153698 chunks, 12003450 pairs (7s)
  52500/153698 chunks, 12007776 pairs (7s)
  53000/153698 chunks, 12012078 pairs (7s)
  53500/153698 chunks, 12016378 pairs (7s)
  54000/153698 chunks, 12020842 pairs (7s)
  54500/153698 chunks, 12025278 pairs (7s)
  55000/153698 chunks, 12029478 pairs (7s)
  55500/153698 chunks, 12034020 pairs (7s)
  56000/153698 chunks, 12038276 pairs (7s)
  56500/153698 chunks, 12042544 pairs (7s)
  57000/153698 chunks, 12046342 pairs (7s)
  57500/153698 chunks, 12050632 pairs (7s)
  58000/153698 chunks, 12054934 pairs (7s)
  58500/153698 chunks, 12059376 pairs (7s)
  59000/153698 chunks, 12063726 pairs (7s)
  59500/153698 chunks, 12068020 pairs (7s)
  60000/153698 chunks, 12072446 pairs (7s)
  60500/153698 chunks, 12077000 pairs (7s)
  61000/153698 chunks, 12081848 pairs (7s)
  61500/153698 chunks, 12086558 pairs (7s)
  62000/153698 chunks, 12091362 pairs (7s)
  62500/153698 chunks, 12096226 pairs (7s)
  63000/153698 chunks, 12101182 pairs (7s)
  63500/153698 chunks, 12105696 pairs (7s)
  64000/153698 chunks, 12107924 pairs (7s)
  64500/153698 chunks, 12110254 pairs (7s)
  65000/153698 chunks, 12112510 pairs (7s)
  65500/153698 chunks, 12114956 pairs (7s)
  66000/153698 chunks, 12117346 pairs (7s)
  66500/153698 chunks, 12119742 pairs (7s)
  67000/153698 chunks, 12122226 pairs (7s)
  67500/153698 chunks, 12124724 pairs (7s)
  68000/153698 chunks, 12127238 pairs (7s)
  68500/153698 chunks, 12129710 pairs (7s)
  69000/153698 chunks, 12132068 pairs (7s)
  69500/153698 chunks, 12134388 pairs (7s)
  70000/153698 chunks, 12136814 pairs (7s)
  70500/153698 chunks, 12138974 pairs (7s)
  71000/153698 chunks, 12141334 pairs (7s)
  71500/153698 chunks, 12143660 pairs (7s)
  72000/153698 chunks, 12146002 pairs (7s)
  72500/153698 chunks, 12148342 pairs (7s)
  73000/153698 chunks, 12150650 pairs (7s)
  73500/153698 chunks, 12153004 pairs (7s)
  74000/153698 chunks, 12155192 pairs (7s)
  74500/153698 chunks, 12157650 pairs (7s)
  75000/153698 chunks, 12160230 pairs (7s)
  75500/153698 chunks, 12162448 pairs (7s)
  76000/153698 chunks, 12164672 pairs (7s)
  76500/153698 chunks, 12166932 pairs (7s)
  77000/153698 chunks, 12169058 pairs (7s)
  77500/153698 chunks, 12171112 pairs (7s)
  78000/153698 chunks, 12173176 pairs (7s)
  78500/153698 chunks, 12175392 pairs (7s)
  79000/153698 chunks, 12177678 pairs (7s)
  79500/153698 chunks, 12179876 pairs (7s)
  80000/153698 chunks, 12182554 pairs (7s)
  80500/153698 chunks, 12184542 pairs (7s)
  81000/153698 chunks, 12186720 pairs (7s)
  81500/153698 chunks, 12189100 pairs (7s)
  82000/153698 chunks, 12191502 pairs (7s)
  82500/153698 chunks, 12193762 pairs (7s)
  83000/153698 chunks, 12195960 pairs (7s)
  83500/153698 chunks, 12198370 pairs (7s)
  84000/153698 chunks, 12200750 pairs (7s)
  84500/153698 chunks, 12203066 pairs (7s)
  85000/153698 chunks, 12205446 pairs (7s)
  85500/153698 chunks, 12207898 pairs (7s)
  86000/153698 chunks, 12210164 pairs (7s)
  86500/153698 chunks, 12212530 pairs (7s)
  87000/153698 chunks, 12214948 pairs (7s)
  87500/153698 chunks, 12217442 pairs (7s)
  88000/153698 chunks, 12220006 pairs (7s)
  88500/153698 chunks, 12222402 pairs (7s)
  89000/153698 chunks, 12224738 pairs (7s)
  89500/153698 chunks, 12227392 pairs (7s)
  90000/153698 chunks, 12230134 pairs (7s)
  90500/153698 chunks, 12232654 pairs (7s)
  91000/153698 chunks, 12233530 pairs (7s)
  91500/153698 chunks, 12234346 pairs (7s)
  92000/153698 chunks, 12235230 pairs (7s)
  92500/153698 chunks, 12236076 pairs (7s)
  93000/153698 chunks, 12236850 pairs (7s)
  93500/153698 chunks, 12237704 pairs (7s)
  94000/153698 chunks, 12238578 pairs (7s)
  94500/153698 chunks, 12239442 pairs (7s)
  95000/153698 chunks, 12240304 pairs (7s)
  95500/153698 chunks, 12241164 pairs (7s)
  96000/153698 chunks, 12242056 pairs (7s)
  96500/153698 chunks, 12242924 pairs (7s)
  97000/153698 chunks, 12243816 pairs (7s)
  97500/153698 chunks, 12244714 pairs (7s)
  98000/153698 chunks, 12245596 pairs (7s)
  98500/153698 chunks, 12246470 pairs (7s)
  99000/153698 chunks, 12247358 pairs (7s)
  99500/153698 chunks, 12248232 pairs (7s)
  100000/153698 chunks, 12249100 pairs (7s)
  100500/153698 chunks, 12249940 pairs (7s)
  101000/153698 chunks, 12250808 pairs (7s)
  101500/153698 chunks, 12251666 pairs (7s)
  102000/153698 chunks, 12252540 pairs (7s)
  102500/153698 chunks, 12253388 pairs (7s)
  103000/153698 chunks, 12254220 pairs (7s)
  103500/153698 chunks, 12254994 pairs (7s)
  104000/153698 chunks, 12255812 pairs (7s)
  104500/153698 chunks, 12256660 pairs (7s)
  105000/153698 chunks, 12257538 pairs (7s)
  105500/153698 chunks, 12258376 pairs (7s)
  106000/153698 chunks, 12259216 pairs (7s)
  106500/153698 chunks, 12260060 pairs (7s)
  107000/153698 chunks, 12260920 pairs (7s)
  107500/153698 chunks, 12261802 pairs (7s)
  108000/153698 chunks, 12262642 pairs (7s)
  108500/153698 chunks, 12263468 pairs (7s)
  109000/153698 chunks, 12264300 pairs (7s)
  109500/153698 chunks, 12265204 pairs (7s)
  110000/153698 chunks, 12266034 pairs (7s)
  110500/153698 chunks, 12266836 pairs (7s)
  111000/153698 chunks, 12267612 pairs (7s)
  111500/153698 chunks, 12268488 pairs (7s)
  112000/153698 chunks, 12269350 pairs (7s)
  112500/153698 chunks, 12270236 pairs (7s)
  113000/153698 chunks, 12271116 pairs (7s)
  113500/153698 chunks, 12271906 pairs (7s)
  114000/153698 chunks, 12272770 pairs (7s)
  114500/153698 chunks, 12273598 pairs (7s)
  115000/153698 chunks, 12274422 pairs (7s)
  115500/153698 chunks, 12275282 pairs (7s)
  116000/153698 chunks, 12276130 pairs (7s)
  116500/153698 chunks, 12276988 pairs (7s)
  117000/153698 chunks, 12277780 pairs (7s)
  117500/153698 chunks, 12278548 pairs (7s)
  118000/153698 chunks, 12279314 pairs (7s)
  118500/153698 chunks, 12280110 pairs (7s)
  119000/153698 chunks, 12280852 pairs (7s)
  119500/153698 chunks, 12281692 pairs (7s)
  120000/153698 chunks, 12282480 pairs (7s)
  120500/153698 chunks, 12283182 pairs (7s)
  121000/153698 chunks, 12284042 pairs (7s)
  121500/153698 chunks, 12284860 pairs (7s)
  122000/153698 chunks, 12285700 pairs (7s)
  122500/153698 chunks, 12286466 pairs (7s)
  123000/153698 chunks, 12287332 pairs (7s)
  123500/153698 chunks, 12288188 pairs (7s)
  124000/153698 chunks, 12289036 pairs (7s)
  124500/153698 chunks, 12289990 pairs (7s)
  125000/153698 chunks, 12290756 pairs (7s)
  125500/153698 chunks, 12291400 pairs (7s)
  126000/153698 chunks, 12292166 pairs (7s)
  126500/153698 chunks, 12293022 pairs (7s)
  127000/153698 chunks, 12293698 pairs (7s)
  127500/153698 chunks, 12294416 pairs (7s)
  128000/153698 chunks, 12295270 pairs (7s)
  128500/153698 chunks, 12296134 pairs (7s)
  129000/153698 chunks, 12296968 pairs (7s)
  129500/153698 chunks, 12297814 pairs (7s)
  130000/153698 chunks, 12298640 pairs (7s)
  130500/153698 chunks, 12299356 pairs (7s)
  131000/153698 chunks, 12300200 pairs (7s)
  131500/153698 chunks, 12300980 pairs (7s)
  132000/153698 chunks, 12301804 pairs (7s)
  132500/153698 chunks, 12302654 pairs (7s)
  133000/153698 chunks, 12303516 pairs (7s)
  133500/153698 chunks, 12304366 pairs (7s)
  134000/153698 chunks, 12305170 pairs (7s)
  134500/153698 chunks, 12306040 pairs (7s)
  135000/153698 chunks, 12306872 pairs (7s)
  135500/153698 chunks, 12307700 pairs (7s)
  136000/153698 chunks, 12308564 pairs (7s)
  136500/153698 chunks, 12309430 pairs (7s)
  137000/153698 chunks, 12310260 pairs (7s)
  137500/153698 chunks, 12311100 pairs (7s)
  138000/153698 chunks, 12311880 pairs (7s)
  138500/153698 chunks, 12312816 pairs (7s)
  139000/153698 chunks, 12313676 pairs (7s)
  139500/153698 chunks, 12314438 pairs (7s)
  140000/153698 chunks, 12315220 pairs (7s)
  140500/153698 chunks, 12315998 pairs (7s)
  141000/153698 chunks, 12316874 pairs (7s)
  141500/153698 chunks, 12317680 pairs (7s)
  142000/153698 chunks, 12318584 pairs (7s)
  142500/153698 chunks, 12319462 pairs (7s)
  143000/153698 chunks, 12320298 pairs (8s)
  143500/153698 chunks, 12321154 pairs (8s)
  144000/153698 chunks, 12322076 pairs (8s)
  144500/153698 chunks, 12322994 pairs (8s)
  145000/153698 chunks, 12323890 pairs (8s)
  145500/153698 chunks, 12324788 pairs (8s)
  146000/153698 chunks, 12325658 pairs (8s)
  146500/153698 chunks, 12326446 pairs (8s)
  147000/153698 chunks, 12327274 pairs (8s)
  147500/153698 chunks, 12328110 pairs (8s)
  148000/153698 chunks, 12328992 pairs (8s)
  148500/153698 chunks, 12329808 pairs (8s)
  149000/153698 chunks, 12330566 pairs (8s)
  149500/153698 chunks, 12331362 pairs (8s)
  150000/153698 chunks, 12332312 pairs (8s)
  150500/153698 chunks, 12333266 pairs (8s)
  151000/153698 chunks, 12334216 pairs (8s)
  151500/153698 chunks, 12335162 pairs (8s)
  152000/153698 chunks, 12336096 pairs (8s)
  152500/153698 chunks, 12337074 pairs (8s)
  153000/153698 chunks, 12337910 pairs (8s)
  153500/153698 chunks, 12338792 pairs (8s)
  153698/153698 chunks, 12339182 pairs (8s)
Mined 12339182 analog pairs in 8s
Added 649431 identity pairs (delta = 0)

delta          std        p1       p99   |d|>1sd  eval range (p5..p95)
--------------------------------------------------------------------------
logp         0.685    -1.768     1.768     27.7%  [-1.14, -0.39, +0.00, +0.39, +1.14]
tpsa        15.787   -43.090    43.090     29.4%  [-26.30, -9.23, +0.00, +9.23, +26.30]
qed          0.066    -0.198     0.198     21.9%  [-0.11, -0.03, +0.00, +0.03, +0.11]
mw          27.671   -69.088    69.088     32.1%  [-46.04, -16.00, +0.00, +16.00, +46.04]

Wrote /home/juanjo-malvado/thesis/data/moses/pairs.npy (12988613, 2) and pair_deltas.npy (12988613, 4)
Pairs per molecule as source: 6.7 (cap is --max-pairs-per-mol = 10)
  The cap is not binding, so 'prefer the least similar analog' never got to
  choose -- every admissible hit was taken. On a denser corpus the cap starts
  selecting, and the delta spread should widen.

The eval range column is what Block 3 may ask for. Asking beyond it is
extrapolation. If the spread is too narrow to be interesting, the levers are
--tanimoto-max (lower it) and --balance-delta (check how many pairs survive).

=== done (12:35:58) ===
corpus: 1,936,381 molecules
Compare this against the other machine's meta.json. The two must match exactly; if they do not, the checkpoints trained there index a different corpus and the evaluation would pair the wrong molecules with the labels.
