nohup: ignoring input
Labelling 2065496 molecules on 24 workers...
  100000/2065496 (4s)
  200000/2065496 (8s)
  300000/2065496 (11s)
  400000/2065496 (15s)
  500000/2065496 (18s)
  600000/2065496 (21s)
  700000/2065496 (24s)
  800000/2065496 (28s)
  900000/2065496 (31s)
  1000000/2065496 (34s)
  1100000/2065496 (38s)
  1200000/2065496 (41s)
  1300000/2065496 (44s)
  1400000/2065496 (48s)
  1500000/2065496 (52s)
  1600000/2065496 (54s)
  1700000/2065496 (58s)
  1800000/2065496 (62s)
  1900000/2065496 (65s)
  2000000/2065496 (67s)

property      mean       std        p1       p50       p99
----------------------------------------------------------
logp         2.312     1.066    -0.791     2.489     4.131
tpsa        63.964    19.621    15.710    63.990   111.370
qed          0.785     0.125     0.390     0.812     0.942
mw         295.920    52.295   116.204   307.375   349.387

Wrote /home/juanjo-malvado/thesis/data/moses/labels.npy (2065496, 4) and labels_meta.json
Next: python data_pipeline/mine_pairs.py --corpus-dir data/moses
