checkpoint pairs_graph-only_scratch_s2025.pt | arm graph-only | step 60000
conditioning on logp: 20 bins, null at 20
Loaded graph cache from /home/juanjo-malvado/thesis/data/moses_solo/molecule_graph_cache_ogb.npz (1,936,381 molecules)
Split by scaffold: train=12,401,262 val=285,749 test=301,602 pairs over 448,901 scaffolds
100 seed molecules from the test split (33,993 available)
4,200 generations: 2 guidance x 21 requests x 100 seeds
  w=1.0 null  20     100/4,200  (0s)
  w=1.0 bin   0     200/4,200  (1s)
  w=1.0 bin   1     300/4,200  (1s)
  w=1.0 bin   2     400/4,200  (1s)
  w=1.0 bin   3     500/4,200  (1s)
  w=1.0 bin   4     600/4,200  (2s)
  w=1.0 bin   5     700/4,200  (2s)
  w=1.0 bin   6     800/4,200  (2s)
  w=1.0 bin   7     900/4,200  (2s)
  w=1.0 bin   8   1,000/4,200  (2s)
  w=1.0 bin   9   1,100/4,200  (3s)
  w=1.0 bin  10   1,200/4,200  (3s)
  w=1.0 bin  11   1,300/4,200  (3s)
  w=1.0 bin  12   1,400/4,200  (3s)
  w=1.0 bin  13   1,500/4,200  (4s)
  w=1.0 bin  14   1,600/4,200  (4s)
  w=1.0 bin  15   1,700/4,200  (4s)
  w=1.0 bin  16   1,800/4,200  (4s)
  w=1.0 bin  17   1,900/4,200  (4s)
  w=1.0 bin  18   2,000/4,200  (5s)
  w=1.0 bin  19   2,100/4,200  (5s)
  w=3.0 null  20   2,200/4,200  (5s)
  w=3.0 bin   0   2,300/4,200  (6s)
  w=3.0 bin   1   2,400/4,200  (6s)
  w=3.0 bin   2   2,500/4,200  (6s)
  w=3.0 bin   3   2,600/4,200  (7s)
  w=3.0 bin   4   2,700/4,200  (7s)
  w=3.0 bin   5   2,800/4,200  (7s)
  w=3.0 bin   6   2,900/4,200  (8s)
  w=3.0 bin   7   3,000/4,200  (8s)
  w=3.0 bin   8   3,100/4,200  (8s)
  w=3.0 bin   9   3,200/4,200  (9s)
  w=3.0 bin  10   3,300/4,200  (9s)
  w=3.0 bin  11   3,400/4,200  (9s)
  w=3.0 bin  12   3,500/4,200  (10s)
  w=3.0 bin  13   3,600/4,200  (10s)
  w=3.0 bin  14   3,700/4,200  (10s)
  w=3.0 bin  15   3,800/4,200  (11s)
  w=3.0 bin  16   3,900/4,200  (11s)
  w=3.0 bin  17   4,000/4,200  (12s)
  w=3.0 bin  18   4,100/4,200  (12s)
  w=3.0 bin  19   4,200/4,200  (12s)

==============================================================================
graph-only | conditioning on logp | 100 seeds
==============================================================================

guidance w = 1.0
  spearman(requested bin, obtained delta) : +0.786   <- the number that answers the question
  slope (obtained per unit requested)     : +0.866   <- 1.0 would be perfect obedience
  MAE vs bin centre                       : 0.319
  validity / uniqueness / novelty         : 1.000 / 0.935 / 0.857
  copy rate / mean Tanimoto to seed       : 0.039 / 0.522
  null control delta                      : -0.145 +/- 0.754

  Per bin. The first and last bins are open intervals, so their 'asked'
  centre is an extrapolation and their MAE is not comparable to the middle
  ones -- read the hit rate there instead. Middle bins are narrow by
  construction (20 quantiles of the delta distribution), so a low hit rate
  there is bin width as much as it is the model.

   bin     asked  got (mean)      sd    hit   copy  tanimoto
     0    -1.296      -1.346   0.522  0.700  0.000     0.446
     1    -0.985      -0.995   0.456  0.300  0.000     0.477
     2    -0.738      -0.736   0.441  0.240  0.000     0.487
     3    -0.580      -0.596   0.338  0.180  0.010     0.516
     4    -0.452      -0.532   0.431  0.150  0.030     0.498
     5    -0.347      -0.360   0.415  0.170  0.030     0.568
     6    -0.255      -0.327   0.499  0.140  0.030     0.508
     7    -0.166      -0.233   0.375  0.160  0.070     0.562
     8    -0.069      -0.123   0.366  0.070  0.030     0.508
     9    -0.007      -0.103   0.318  0.240  0.110     0.560
    10    +0.007      -0.104   0.355  0.040  0.310     0.720
    11    +0.069      -0.147   0.536  0.160  0.030     0.508
    12    +0.166      +0.039   0.477  0.100  0.070     0.537
    13    +0.255      +0.115   0.430  0.180  0.020     0.509
    14    +0.347      +0.135   0.384  0.160  0.040     0.527
    15    +0.452      +0.324   0.435  0.180  0.010     0.516
    16    +0.580      +0.376   0.455  0.110  0.000     0.514
    17    +0.738      +0.544   0.418  0.230  0.010     0.534
    18    +0.985      +0.691   0.561  0.280  0.010     0.487
    19    +1.296      +0.937   0.505  0.390  0.000     0.491

guidance w = 3.0
  spearman(requested bin, obtained delta) : +0.851   <- the number that answers the question
  slope (obtained per unit requested)     : +1.114   <- 1.0 would be perfect obedience
  MAE vs bin centre                       : 0.305
  validity / uniqueness / novelty         : 1.000 / 0.959 / 0.877
  copy rate / mean Tanimoto to seed       : 0.035 / 0.482
  null control delta                      : -0.153 +/- 0.755

  Per bin. The first and last bins are open intervals, so their 'asked'
  centre is an extrapolation and their MAE is not comparable to the middle
  ones -- read the hit rate there instead. Middle bins are narrow by
  construction (20 quantiles of the delta distribution), so a low hit rate
  there is bin width as much as it is the model.

   bin     asked  got (mean)      sd    hit   copy  tanimoto
     0    -1.296      -1.842   0.526  0.960  0.000     0.398
     1    -0.985      -1.226   0.447  0.330  0.000     0.434
     2    -0.738      -0.893   0.525  0.280  0.000     0.467
     3    -0.580      -0.737   0.380  0.200  0.000     0.465
     4    -0.452      -0.569   0.439  0.280  0.000     0.466
     5    -0.347      -0.428   0.374  0.320  0.010     0.536
     6    -0.255      -0.389   0.378  0.160  0.020     0.456
     7    -0.166      -0.252   0.351  0.200  0.020     0.513
     8    -0.069      -0.211   0.398  0.130  0.010     0.450
     9    -0.007      -0.139   0.446  0.170  0.050     0.482
    10    +0.007      -0.076   0.333  0.020  0.520     0.815
    11    +0.069      -0.126   0.488  0.210  0.000     0.448
    12    +0.166      +0.060   0.410  0.230  0.000     0.493
    13    +0.255      +0.138   0.452  0.300  0.020     0.497
    14    +0.347      +0.293   0.401  0.250  0.020     0.514
    15    +0.452      +0.406   0.444  0.170  0.000     0.458
    16    +0.580      +0.572   0.393  0.230  0.000     0.440
    17    +0.738      +0.606   0.494  0.300  0.000     0.451
    18    +0.985      +0.851   0.526  0.300  0.000     0.406
    19    +1.296      +1.255   0.916  0.720  0.000     0.383

Wrote /home/juanjo-malvado/thesis/results/oracle/pairs_graph-only_scratch_s2025_logp/generations.csv and /home/juanjo-malvado/thesis/results/oracle/pairs_graph-only_scratch_s2025_logp/summary.json
