checkpoint pairs_smiles-only_scratch_s2025.pt | arm smiles-only | step 60000
conditioning on logp: 20 bins, null at 20
Loaded graph cache from /home/juanjo-malvado/thesis/data/moses_solo/molecule_graph_cache_ogb.npz (1,936,381 molecules)
Split by scaffold: train=12,401,262 val=285,749 test=301,602 pairs over 448,901 scaffolds
100 seed molecules from the test split (33,993 available)
4,200 generations: 2 guidance x 21 requests x 100 seeds
  w=1.0 null  20     100/4,200  (0s)
  w=1.0 bin   0     200/4,200  (1s)
  w=1.0 bin   1     300/4,200  (1s)
  w=1.0 bin   2     400/4,200  (1s)
  w=1.0 bin   3     500/4,200  (2s)
  w=1.0 bin   4     600/4,200  (2s)
  w=1.0 bin   5     700/4,200  (2s)
  w=1.0 bin   6     800/4,200  (2s)
  w=1.0 bin   7     900/4,200  (3s)
  w=1.0 bin   8   1,000/4,200  (3s)
  w=1.0 bin   9   1,100/4,200  (3s)
  w=1.0 bin  10   1,200/4,200  (3s)
  w=1.0 bin  11   1,300/4,200  (4s)
  w=1.0 bin  12   1,400/4,200  (4s)
  w=1.0 bin  13   1,500/4,200  (4s)
  w=1.0 bin  14   1,600/4,200  (4s)
  w=1.0 bin  15   1,700/4,200  (5s)
  w=1.0 bin  16   1,800/4,200  (5s)
  w=1.0 bin  17   1,900/4,200  (5s)
  w=1.0 bin  18   2,000/4,200  (5s)
  w=1.0 bin  19   2,100/4,200  (6s)
  w=3.0 null  20   2,200/4,200  (6s)
  w=3.0 bin   0   2,300/4,200  (7s)
  w=3.0 bin   1   2,400/4,200  (7s)
  w=3.0 bin   2   2,500/4,200  (7s)
  w=3.0 bin   3   2,600/4,200  (8s)
  w=3.0 bin   4   2,700/4,200  (8s)
  w=3.0 bin   5   2,800/4,200  (9s)
  w=3.0 bin   6   2,900/4,200  (9s)
  w=3.0 bin   7   3,000/4,200  (10s)
  w=3.0 bin   8   3,100/4,200  (10s)
  w=3.0 bin   9   3,200/4,200  (11s)
  w=3.0 bin  10   3,300/4,200  (11s)
  w=3.0 bin  11   3,400/4,200  (11s)
  w=3.0 bin  12   3,500/4,200  (12s)
  w=3.0 bin  13   3,600/4,200  (12s)
  w=3.0 bin  14   3,700/4,200  (13s)
  w=3.0 bin  15   3,800/4,200  (13s)
  w=3.0 bin  16   3,900/4,200  (14s)
  w=3.0 bin  17   4,000/4,200  (14s)
  w=3.0 bin  18   4,100/4,200  (15s)
  w=3.0 bin  19   4,200/4,200  (15s)

==============================================================================
smiles-only | conditioning on logp | 100 seeds
==============================================================================

guidance w = 1.0
  spearman(requested bin, obtained delta) : +0.812   <- the number that answers the question
  slope (obtained per unit requested)     : +0.885   <- 1.0 would be perfect obedience
  MAE vs bin centre                       : 0.297
  validity / uniqueness / novelty         : 1.000 / 0.933 / 0.845
  copy rate / mean Tanimoto to seed       : 0.044 / 0.525
  null control delta                      : -0.156 +/- 0.668

  Per bin. The first and last bins are open intervals, so their 'asked'
  centre is an extrapolation and their MAE is not comparable to the middle
  ones -- read the hit rate there instead. Middle bins are narrow by
  construction (20 quantiles of the delta distribution), so a low hit rate
  there is bin width as much as it is the model.

   bin     asked  got (mean)      sd    hit   copy  tanimoto
     0    -1.296      -1.355   0.518  0.730  0.000     0.474
     1    -0.985      -0.992   0.398  0.370  0.010     0.504
     2    -0.738      -0.724   0.438  0.260  0.000     0.477
     3    -0.580      -0.619   0.517  0.240  0.010     0.501
     4    -0.452      -0.505   0.497  0.140  0.010     0.510
     5    -0.347      -0.403   0.293  0.180  0.020     0.546
     6    -0.255      -0.362   0.403  0.170  0.040     0.536
     7    -0.166      -0.234   0.360  0.230  0.040     0.543
     8    -0.069      -0.061   0.418  0.100  0.040     0.510
     9    -0.007      -0.056   0.343  0.200  0.110     0.559
    10    +0.007      -0.054   0.344  0.020  0.490     0.794
    11    +0.069      +0.011   0.406  0.150  0.040     0.517
    12    +0.166      +0.044   0.479  0.180  0.010     0.524
    13    +0.255      +0.153   0.396  0.160  0.020     0.505
    14    +0.347      +0.233   0.420  0.130  0.010     0.527
    15    +0.452      +0.401   0.345  0.170  0.020     0.527
    16    +0.580      +0.427   0.460  0.190  0.020     0.524
    17    +0.738      +0.532   0.395  0.250  0.010     0.510
    18    +0.985      +0.713   0.543  0.270  0.000     0.459
    19    +1.296      +0.940   0.603  0.360  0.000     0.459

guidance w = 3.0
  spearman(requested bin, obtained delta) : +0.871   <- the number that answers the question
  slope (obtained per unit requested)     : +1.131   <- 1.0 would be perfect obedience
  MAE vs bin centre                       : 0.283
  validity / uniqueness / novelty         : 1.000 / 0.950 / 0.876
  copy rate / mean Tanimoto to seed       : 0.034 / 0.481
  null control delta                      : -0.168 +/- 0.638

  Per bin. The first and last bins are open intervals, so their 'asked'
  centre is an extrapolation and their MAE is not comparable to the middle
  ones -- read the hit rate there instead. Middle bins are narrow by
  construction (20 quantiles of the delta distribution), so a low hit rate
  there is bin width as much as it is the model.

   bin     asked  got (mean)      sd    hit   copy  tanimoto
     0    -1.296      -1.756   0.490  0.930  0.000     0.431
     1    -0.985      -1.142   0.358  0.430  0.000     0.455
     2    -0.738      -0.894   0.444  0.250  0.000     0.468
     3    -0.580      -0.707   0.369  0.220  0.000     0.470
     4    -0.452      -0.525   0.286  0.280  0.000     0.474
     5    -0.347      -0.545   0.444  0.290  0.010     0.525
     6    -0.255      -0.333   0.490  0.170  0.000     0.463
     7    -0.166      -0.235   0.396  0.220  0.000     0.463
     8    -0.069      -0.240   0.437  0.160  0.010     0.466
     9    -0.007      -0.136   0.452  0.200  0.070     0.512
    10    +0.007      -0.017   0.350  0.020  0.550     0.827
    11    +0.069      +0.097   0.319  0.150  0.000     0.448
    12    +0.166      +0.133   0.410  0.210  0.010     0.482
    13    +0.255      +0.197   0.484  0.200  0.000     0.434
    14    +0.347      +0.281   0.514  0.230  0.020     0.448
    15    +0.452      +0.421   0.369  0.210  0.010     0.474
    16    +0.580      +0.525   0.443  0.270  0.000     0.435
    17    +0.738      +0.741   0.432  0.380  0.000     0.462
    18    +0.985      +0.982   0.523  0.410  0.000     0.432
    19    +1.296      +1.326   0.730  0.720  0.000     0.378

Wrote /home/juanjo-malvado/thesis/results/oracle/pairs_smiles-only_scratch_s2025_logp/generations.csv and /home/juanjo-malvado/thesis/results/oracle/pairs_smiles-only_scratch_s2025_logp/summary.json
