checkpoint pairs_graph_smiles_scratch_fused_s2025.pt | arm graph+smiles | step 60000
conditioning on logp: 20 bins, null at 20
Loaded graph cache from /home/juanjo-malvado/thesis/data/moses_solo/molecule_graph_cache_ogb.npz (1,936,381 molecules)
Split by scaffold: train=12,401,262 val=285,749 test=301,602 pairs over 448,901 scaffolds
100 seed molecules from the test split (33,993 available)
4,200 generations: 2 guidance x 21 requests x 100 seeds
  w=1.0 null  20     100/4,200  (1s)
  w=1.0 bin   0     200/4,200  (1s)
  w=1.0 bin   1     300/4,200  (1s)
  w=1.0 bin   2     400/4,200  (1s)
  w=1.0 bin   3     500/4,200  (2s)
  w=1.0 bin   4     600/4,200  (2s)
  w=1.0 bin   5     700/4,200  (2s)
  w=1.0 bin   6     800/4,200  (3s)
  w=1.0 bin   7     900/4,200  (3s)
  w=1.0 bin   8   1,000/4,200  (3s)
  w=1.0 bin   9   1,100/4,200  (3s)
  w=1.0 bin  10   1,200/4,200  (4s)
  w=1.0 bin  11   1,300/4,200  (4s)
  w=1.0 bin  12   1,400/4,200  (4s)
  w=1.0 bin  13   1,500/4,200  (5s)
  w=1.0 bin  14   1,600/4,200  (5s)
  w=1.0 bin  15   1,700/4,200  (5s)
  w=1.0 bin  16   1,800/4,200  (6s)
  w=1.0 bin  17   1,900/4,200  (6s)
  w=1.0 bin  18   2,000/4,200  (6s)
  w=1.0 bin  19   2,100/4,200  (6s)
  w=3.0 null  20   2,200/4,200  (7s)
  w=3.0 bin   0   2,300/4,200  (8s)
  w=3.0 bin   1   2,400/4,200  (8s)
  w=3.0 bin   2   2,500/4,200  (9s)
  w=3.0 bin   3   2,600/4,200  (9s)
  w=3.0 bin   4   2,700/4,200  (10s)
  w=3.0 bin   5   2,800/4,200  (10s)
  w=3.0 bin   6   2,900/4,200  (11s)
  w=3.0 bin   7   3,000/4,200  (11s)
  w=3.0 bin   8   3,100/4,200  (12s)
  w=3.0 bin   9   3,200/4,200  (12s)
  w=3.0 bin  10   3,300/4,200  (13s)
  w=3.0 bin  11   3,400/4,200  (13s)
  w=3.0 bin  12   3,500/4,200  (14s)
  w=3.0 bin  13   3,600/4,200  (14s)
  w=3.0 bin  14   3,700/4,200  (15s)
  w=3.0 bin  15   3,800/4,200  (15s)
  w=3.0 bin  16   3,900/4,200  (16s)
  w=3.0 bin  17   4,000/4,200  (16s)
  w=3.0 bin  18   4,100/4,200  (17s)
  w=3.0 bin  19   4,200/4,200  (17s)

==============================================================================
graph+smiles | conditioning on logp | 100 seeds
==============================================================================

guidance w = 1.0
  spearman(requested bin, obtained delta) : +0.802   <- the number that answers the question
  slope (obtained per unit requested)     : +0.873   <- 1.0 would be perfect obedience
  MAE vs bin centre                       : 0.314
  validity / uniqueness / novelty         : 1.000 / 0.932 / 0.846
  copy rate / mean Tanimoto to seed       : 0.041 / 0.510
  null control delta                      : -0.338 +/- 1.046

  Per bin. The first and last bins are open intervals, so their 'asked'
  centre is an extrapolation and their MAE is not comparable to the middle
  ones -- read the hit rate there instead. Middle bins are narrow by
  construction (20 quantiles of the delta distribution), so a low hit rate
  there is bin width as much as it is the model.

   bin     asked  got (mean)      sd    hit   copy  tanimoto
     0    -1.296      -1.232   0.486  0.600  0.000     0.468
     1    -0.985      -0.994   0.410  0.370  0.000     0.453
     2    -0.738      -0.760   0.446  0.230  0.010     0.473
     3    -0.580      -0.610   0.396  0.150  0.000     0.506
     4    -0.452      -0.469   0.362  0.190  0.010     0.511
     5    -0.347      -0.480   0.474  0.100  0.030     0.493
     6    -0.255      -0.357   0.465  0.160  0.060     0.532
     7    -0.166      -0.174   0.366  0.160  0.070     0.551
     8    -0.069      -0.117   0.319  0.130  0.040     0.507
     9    -0.007      -0.126   0.379  0.240  0.090     0.559
    10    +0.007      -0.074   0.450  0.040  0.290     0.692
    11    +0.069      -0.014   0.405  0.150  0.030     0.487
    12    +0.166      +0.065   0.400  0.190  0.090     0.555
    13    +0.255      +0.203   0.480  0.150  0.030     0.481
    14    +0.347      +0.153   0.441  0.160  0.040     0.522
    15    +0.452      +0.351   0.340  0.200  0.000     0.506
    16    +0.580      +0.439   0.423  0.130  0.000     0.498
    17    +0.738      +0.548   0.477  0.220  0.010     0.496
    18    +0.985      +0.735   0.547  0.180  0.000     0.450
    19    +1.296      +0.965   0.561  0.390  0.010     0.456

guidance w = 3.0
  spearman(requested bin, obtained delta) : +0.839   <- the number that answers the question
  slope (obtained per unit requested)     : +1.117   <- 1.0 would be perfect obedience
  MAE vs bin centre                       : 0.309
  validity / uniqueness / novelty         : 1.000 / 0.938 / 0.876
  copy rate / mean Tanimoto to seed       : 0.035 / 0.481
  null control delta                      : -0.227 +/- 0.802

  Per bin. The first and last bins are open intervals, so their 'asked'
  centre is an extrapolation and their MAE is not comparable to the middle
  ones -- read the hit rate there instead. Middle bins are narrow by
  construction (20 quantiles of the delta distribution), so a low hit rate
  there is bin width as much as it is the model.

   bin     asked  got (mean)      sd    hit   copy  tanimoto
     0    -1.296      -1.784   0.563  0.940  0.000     0.428
     1    -0.985      -1.187   0.446  0.340  0.000     0.445
     2    -0.738      -0.856   0.419  0.270  0.000     0.467
     3    -0.580      -0.741   0.414  0.270  0.000     0.465
     4    -0.452      -0.557   0.300  0.280  0.000     0.496
     5    -0.347      -0.476   0.350  0.240  0.030     0.545
     6    -0.255      -0.390   0.365  0.170  0.010     0.481
     7    -0.166      -0.231   0.380  0.140  0.030     0.494
     8    -0.069      -0.134   0.492  0.090  0.020     0.455
     9    -0.007      -0.036   0.334  0.280  0.100     0.537
    10    +0.007      -0.001   0.272  0.050  0.430     0.752
    11    +0.069      -0.059   0.489  0.210  0.040     0.491
    12    +0.166      +0.034   0.535  0.160  0.030     0.468
    13    +0.255      +0.254   0.406  0.190  0.000     0.490
    14    +0.347      +0.283   0.504  0.210  0.010     0.468
    15    +0.452      +0.405   0.604  0.180  0.000     0.461
    16    +0.580      +0.563   0.536  0.200  0.000     0.460
    17    +0.738      +0.707   0.492  0.280  0.000     0.446
    18    +0.985      +0.869   0.722  0.390  0.000     0.369
    19    +1.296      +1.292   0.779  0.750  0.000     0.367

Wrote /home/juanjo-malvado/thesis/results/oracle/pairs_graph_smiles_scratch_fused_s2025_logp/generations.csv and /home/juanjo-malvado/thesis/results/oracle/pairs_graph_smiles_scratch_fused_s2025_logp/summary.json
