nohup: ignoring input
NVIDIA RTX PRO 4500 Blackwell | torch 2.11.0+cu128
GPU kernels OK
== 4 checkpoint(s), one at a time ==

--- pairs_graph-only_scratch_s2025 -> results/logs/oracle_pairs_graph-only_scratch_s2025.log ---
    10    +0.007      -0.076   0.333  0.020  0.520     0.815
    11    +0.069      -0.126   0.488  0.210  0.000     0.448
    12    +0.166      +0.060   0.410  0.230  0.000     0.493
    13    +0.255      +0.138   0.452  0.300  0.020     0.497
    14    +0.347      +0.293   0.401  0.250  0.020     0.514
    15    +0.452      +0.406   0.444  0.170  0.000     0.458
    16    +0.580      +0.572   0.393  0.230  0.000     0.440
    17    +0.738      +0.606   0.494  0.300  0.000     0.451
    18    +0.985      +0.851   0.526  0.300  0.000     0.406
    19    +1.296      +1.255   0.916  0.720  0.000     0.383

Wrote /home/juanjo-malvado/thesis/results/oracle/pairs_graph-only_scratch_s2025_logp/generations.csv and /home/juanjo-malvado/thesis/results/oracle/pairs_graph-only_scratch_s2025_logp/summary.json

--- pairs_graph_smiles_pretrained_s2025 -> results/logs/oracle_pairs_graph_smiles_pretrained_s2025.log ---
    10    +0.007      -0.114   0.331  0.030  0.150     0.603
    11    +0.069      +0.010   0.434  0.160  0.020     0.438
    12    +0.166      +0.136   0.442  0.090  0.000     0.441
    13    +0.255      +0.213   0.554  0.150  0.000     0.410
    14    +0.347      +0.349   0.499  0.210  0.000     0.453
    15    +0.452      +0.494   0.484  0.170  0.000     0.439
    16    +0.580      +0.608   0.544  0.170  0.000     0.397
    17    +0.738      +0.767   0.564  0.310  0.000     0.390
    18    +0.985      +0.962   1.151  0.360  0.000     0.357
    19    +1.296      +1.279   2.119  0.680  0.000     0.298

Wrote /home/juanjo-malvado/thesis/results/oracle/pairs_graph_smiles_pretrained_s2025_logp/generations.csv and /home/juanjo-malvado/thesis/results/oracle/pairs_graph_smiles_pretrained_s2025_logp/summary.json

--- pairs_graph_smiles_scratch_s2025 -> results/logs/oracle_pairs_graph_smiles_scratch_s2025.log ---
    10    +0.007      -0.048   0.314  0.020  0.570     0.821
    11    +0.069      -0.003   0.398  0.190  0.010     0.489
    12    +0.166      +0.099   0.378  0.170  0.040     0.515
    13    +0.255      +0.294   0.328  0.300  0.010     0.516
    14    +0.347      +0.434   0.414  0.200  0.010     0.471
    15    +0.452      +0.446   0.506  0.210  0.000     0.458
    16    +0.580      +0.662   0.298  0.160  0.000     0.451
    17    +0.738      +0.684   0.590  0.320  0.000     0.425
    18    +0.985      +0.899   0.689  0.300  0.000     0.426
    19    +1.296      +1.296   0.681  0.720  0.000     0.380

Wrote /home/juanjo-malvado/thesis/results/oracle/pairs_graph_smiles_scratch_s2025_logp/generations.csv and /home/juanjo-malvado/thesis/results/oracle/pairs_graph_smiles_scratch_s2025_logp/summary.json

--- pairs_smiles-only_scratch_s2025 -> results/logs/oracle_pairs_smiles-only_scratch_s2025.log ---
    10    +0.007      -0.017   0.350  0.020  0.550     0.827
    11    +0.069      +0.097   0.319  0.150  0.000     0.448
    12    +0.166      +0.133   0.410  0.210  0.010     0.482
    13    +0.255      +0.197   0.484  0.200  0.000     0.434
    14    +0.347      +0.281   0.514  0.230  0.020     0.448
    15    +0.452      +0.421   0.369  0.210  0.010     0.474
    16    +0.580      +0.525   0.443  0.270  0.000     0.435
    17    +0.738      +0.741   0.432  0.380  0.000     0.462
    18    +0.985      +0.982   0.523  0.410  0.000     0.432
    19    +1.296      +1.326   0.730  0.720  0.000     0.378

Wrote /home/juanjo-malvado/thesis/results/oracle/pairs_smiles-only_scratch_s2025_logp/generations.csv and /home/juanjo-malvado/thesis/results/oracle/pairs_smiles-only_scratch_s2025_logp/summary.json

== all 4 finished ==

==============================================================================
1. Mitad predictiva -- ESOL / FreeSolv / Lipophilicity
==============================================================================
  (nada todavia: falta correr scripts/slurm/pretrained_ablation.sbatch)

==============================================================================
2. Generacion, entrenamiento -- NO responde la pregunta de la tesis
==============================================================================

    corrida                                     params    pasos  val loss  tok acc   min
    pairs_graph-only_scratch_s2025          10,135,588   60,000    0.1047   0.9588    16
    pairs_graph_smiles_pretrained_s2025     14,113,319   60,000    0.1249   0.9510    31
    pairs_graph_smiles_scratch_s2025        14,113,319   60,000    0.0953   0.9628    31
    pairs_smiles-only_scratch_s2025         10,893,857   60,000    0.0981   0.9616    26

  Esto mide reconstruccion de SELFIES. Como los pares tienen Tanimoto >= 0.50,
  un modelo que copie la semilla puntua bien sin haber aprendido a condicionar.
  Sirve para ver que el entrenamiento convergio, no para comparar brazos.

  La columna de parametros si es comparable: los brazos de una sola modalidad
  deberian quedar cerca entre si. Si graph-only tiene ~450k y smiles-only ~3.9M,
  el checkpoint es anterior al equiparado de capacidad y la ablacion no es valida.

==============================================================================
3. Generacion, oraculo -- ESTA es la pregunta de la tesis
==============================================================================

    brazo                             w     rho   pend.  valid  unico  novel  copia  tanim
    pairs_graph-only_scratch_s2025  1.0  +0.786  +0.866  1.000  0.935  0.857  0.039  0.522
                                    3.0  +0.851  +1.114  1.000  0.959  0.877  0.035  0.482
    pairs_graph_smiles_pretrained_  1.0  +0.778  +0.893  1.000  0.958  0.885  0.025  0.463
                                    3.0  +0.806  +1.158  1.000  0.951  0.904  0.014  0.435
    pairs_graph_smiles_scratch_s20  1.0  +0.811  +0.900  1.000  0.930  0.854  0.040  0.520
                                    3.0  +0.856  +1.145  1.000  0.950  0.874  0.038  0.490
    pairs_smiles-only_scratch_s202  1.0  +0.812  +0.885  1.000  0.933  0.845  0.044  0.525
                                    3.0  +0.871  +1.131  1.000  0.950  0.876  0.034  0.481

  rho   correlacion entre el bin pedido y el delta obtenido, intra-semilla.
        Es el numero. Un modelo que ignora la condicion da ~0 aunque su
        perdida de la seccion 2 sea la mejor de las cuatro.
  pend. delta obtenido por unidad de delta pedido; 1.0 seria obediencia exacta.
  copia fraccion que devuelve la semilla sin cambios. rho alto con copia alta
        no existe, pero copia alta con rho ~0 es el modo de fallo esperado.

  Si rho no sube al subir w, la guia libre de clasificador no esta haciendo
  nada, que es el diagnostico gratis que esa perilla compra.

==============================================================================
Estado
==============================================================================
  [ ] mitad predictiva
  [x] generacion (entrenamiento)
  [x] generacion (oraculo)
